 flightControlSystem_sfun

 Timestamp is 69aeb932 (Mon Mar  9 17:42:34 2026)

 Preferred load address is 0000000180000000

 Start         Length     Name                   Class
 0001:00000000 00012fa0H .text$mn                CODE
 0001:00012fa0 00000036H .text$mn$00             CODE
 0001:00012fd6 00000092H .text$x                 CODE
 0002:00000000 00000458H .idata$5                DATA
 0002:00000458 00000038H .00cfg                  DATA
 0002:00000490 00000008H .CRT$XCA                DATA
 0002:00000498 00000008H .CRT$XCZ                DATA
 0002:000004a0 00000008H .CRT$XIA                DATA
 0002:000004a8 00000008H .CRT$XIZ                DATA
 0002:000004b0 00000008H .CRT$XPA                DATA
 0002:000004b8 00000008H .CRT$XPZ                DATA
 0002:000004c0 00000008H .CRT$XTA                DATA
 0002:000004c8 00000008H .CRT$XTZ                DATA
 0002:000004d0 00000000H .gehcont$y              DATA
 0002:000004d0 00000000H .gfids$y                DATA
 0002:000004d0 00000330H .rdata                  DATA
 0002:00000800 00000080H .rdata$CastGuardVftablesA DATA
 0002:00000880 00000080H .rdata$CastGuardVftablesC DATA
 0002:00000900 00000180H .rdata$voltmd           DATA
 0002:00000a80 00000278H .rdata$zzzdbg           DATA
 0002:00000cf8 00000008H .rtc$IAA                DATA
 0002:00000d00 00000008H .rtc$IZZ                DATA
 0002:00000d08 00000008H .rtc$TAA                DATA
 0002:00000d10 00000008H .rtc$TZZ                DATA
 0002:00000d18 00000a18H .xdata                  DATA
 0002:00001730 00000084H .edata                  DATA
 0002:000017b4 00000118H .idata$2                DATA
 0002:000018cc 00000014H .idata$3                DATA
 0002:000018e0 00000458H .idata$4                DATA
 0002:00001d38 00000bdcH .idata$6                DATA
 0003:00000000 000043d0H .data                   DATA
 0003:000043d0 00000bf0H .bss                    DATA
 0004:00000000 00000c48H .pdata                  DATA

  Address         Publics by Value              Rva+Base               Lib:Object

 0000:00000000       __AbsoluteZero             0000000000000000     <absolute>
 0000:00000000       ___safe_se_handler_count   0000000000000000     <absolute>
 0000:00000000       ___safe_se_handler_table   0000000000000000     <absolute>
 0000:00000000       __arm64x_extra_rfe_table   0000000000000000     <absolute>
 0000:00000000       __arm64x_extra_rfe_table_size 0000000000000000     <absolute>
 0000:00000000       __arm64x_native_entrypoint 0000000000000000     <absolute>
 0000:00000000       __arm64x_redirection_metadata 0000000000000000     <absolute>
 0000:00000000       __arm64x_redirection_metadata_count 0000000000000000     <absolute>
 0000:00000000       __dynamic_value_reloc_table 0000000000000000     <absolute>
 0000:00000000       __enclave_config           0000000000000000     <absolute>
 0000:00000000       __guard_check_icall_a64n_fptr 0000000000000000     <absolute>
 0000:00000000       __guard_eh_cont_count      0000000000000000     <absolute>
 0000:00000000       __guard_eh_cont_table      0000000000000000     <absolute>
 0000:00000000       __guard_fids_count         0000000000000000     <absolute>
 0000:00000000       __guard_fids_table         0000000000000000     <absolute>
 0000:00000000       __guard_iat_count          0000000000000000     <absolute>
 0000:00000000       __guard_iat_table          0000000000000000     <absolute>
 0000:00000000       __guard_longjmp_count      0000000000000000     <absolute>
 0000:00000000       __guard_longjmp_table      0000000000000000     <absolute>
 0000:00000000       __hybrid_auxiliary_delayload_iat 0000000000000000     <absolute>
 0000:00000000       __hybrid_auxiliary_delayload_iat_copy 0000000000000000     <absolute>
 0000:00000000       __hybrid_auxiliary_iat     0000000000000000     <absolute>
 0000:00000000       __hybrid_auxiliary_iat_copy 0000000000000000     <absolute>
 0000:00000000       __hybrid_code_map          0000000000000000     <absolute>
 0000:00000000       __hybrid_code_map_count    0000000000000000     <absolute>
 0000:00000000       __hybrid_image_info_bitfield 0000000000000000     <absolute>
 0000:00000000       __x64_code_ranges_to_entry_points 0000000000000000     <absolute>
 0000:00000000       __x64_code_ranges_to_entry_points_count 0000000000000000     <absolute>
 0000:00000100       __guard_flags              0000000000000100     <absolute>
 0000:00000000       __ImageBase                0000000180000000     <linker-defined>
 0001:00000000       flightControlSystem_initializer 0000000180001000 f   flightControlSystem_sfun.obj
 0001:00000010       flightControlSystem_terminator 0000000180001010 f   flightControlSystem_sfun.obj
 0001:00000020       load_flightControlSystem_optimization_info 0000000180001020 f   flightControlSystem_sfun.obj
 0001:000000d0       unload_flightControlSystem_optimization_info 00000001800010d0 f   flightControlSystem_sfun.obj
 0001:00000100       sf_flightControlSystem_method_dispatcher 0000000180001100 f   flightControlSystem_sfun.obj
 0001:00000150       sf_flightControlSystem_process_check_sum_call 0000000180001150 f   flightControlSystem_sfun.obj
 0001:00000650       sf_flightControlSystem_get_eml_resolved_functions_info 0000000180001650 f   flightControlSystem_sfun.obj
 0001:00000840       sf_flightControlSystem_third_party_uses_info 0000000180001840 f   flightControlSystem_sfun.obj
 0001:00000a10       sf_flightControlSystem_jit_fallback_info 0000000180001a10 f   flightControlSystem_sfun.obj
 0001:00000be0       sf_flightControlSystem_get_post_codegen_info 0000000180001be0 f   flightControlSystem_sfun.obj
 0001:00000dc0       sf_flightControlSystem_updateBuildInfo_args_info 0000000180001dc0 f   flightControlSystem_sfun.obj
 0001:00000f90       sf_c1_flightControlSystem_get_eml_resolved_functions_info 0000000180001f90 f   c1_flightControlSystem.obj
 0001:00001010       sf_c1_flightControlSystem_get_check_sum 0000000180002010 f   c1_flightControlSystem.obj
 0001:000010e0       c1_flightControlSystem_method_dispatcher 00000001800020e0 f   c1_flightControlSystem.obj
 0001:00005df0       sf_c1_flightControlSystem_third_party_uses_info 0000000180006df0 f   c1_flightControlSystem.obj
 0001:00005e40       sf_c1_flightControlSystem_jit_fallback_info 0000000180006e40 f   c1_flightControlSystem.obj
 0001:00005fd0       sf_c1_flightControlSystem_updateBuildInfo_args_info 0000000180006fd0 f   c1_flightControlSystem.obj
 0001:00006300       sf_c1_flightControlSystem_get_post_codegen_info 0000000180007300 f   c1_flightControlSystem.obj
 0001:000067e0       mexFunction                00000001800077e0 f   flightControlSystem_sfun_registry.obj
 0001:00009120       _ssSetInputPortDirectFeedThroughFcn 000000018000a120 f   flightControlSystem_sfun_registry.obj
 0001:00009290       _ssSetRWorkValueFcn        000000018000a290 f   flightControlSystem_sfun_registry.obj
 0001:00009310       _ssGetRWorkValueFcn        000000018000a310 f   flightControlSystem_sfun_registry.obj
 0001:00009380       _ssSetIWorkValueFcn        000000018000a380 f   flightControlSystem_sfun_registry.obj
 0001:00009400       _ssGetIWorkValueFcn        000000018000a400 f   flightControlSystem_sfun_registry.obj
 0001:00009470       _ssSetPWorkValueFcn        000000018000a470 f   flightControlSystem_sfun_registry.obj
 0001:000094f0       _ssGetPWorkValueFcn        000000018000a4f0 f   flightControlSystem_sfun_registry.obj
 0001:00009560       _ssGetInputPortSignalFcn   000000018000a560 f   flightControlSystem_sfun_registry.obj
 0001:000098f0       _ssGetInputPortBufferDstPortFcn 000000018000a8f0 f   flightControlSystem_sfun_registry.obj
 0001:00009970       _ssGetInputPortSignalPtrsFcn 000000018000a970 f   flightControlSystem_sfun_registry.obj
 0001:00009d00       ssGetParameterTuningCompliance 000000018000ad00 f   flightControlSystem_sfun_registry.obj
 0001:00009d70       _ssReadInputStringFcn      000000018000ad70 f   flightControlSystem_sfun_registry.obj
 0001:00009de0       ssGetDTypeIdFromMxArray    000000018000ade0 f   flightControlSystem_sfun_registry.obj
 0001:00009f00       ssWriteRTWMx2dMatParam     000000018000af00 f   flightControlSystem_sfun_registry.obj
 0001:00009f90       ssWriteRTWMxVectParam      000000018000af90 f   flightControlSystem_sfun_registry.obj
 0001:0000a010       ssWriteRTWParameters       000000018000b010 f   flightControlSystem_sfun_registry.obj
 0001:0000a5d0       ssWriteRTWParamSettings    000000018000b5d0 f   flightControlSystem_sfun_registry.obj
 0001:0000acc0       ssWriteRTWStr              000000018000bcc0 f   flightControlSystem_sfun_registry.obj
 0001:0000ad20       ssWriteRTWWorkVect         000000018000bd20 f   flightControlSystem_sfun_registry.obj
 0001:0000b280       ssWarning                  000000018000c280 f   flightControlSystem_sfun_registry.obj
 0001:0000b370       ssGetRootSS                000000018000c370 f   flightControlSystem_sfun_registry.obj
 0001:0000b430       ssGetParentSS              000000018000c430 f   flightControlSystem_sfun_registry.obj
 0001:0000b4f0       ssWriteRTWNameValuePair    000000018000c4f0 f   flightControlSystem_sfun_registry.obj
 0001:0000b9f0       _ssSetInputPortMatrixDimensions 000000018000c9f0 f   flightControlSystem_sfun_registry.obj
 0001:0000bb40       _ssSetOutputPortMatrixDimensions 000000018000cb40 f   flightControlSystem_sfun_registry.obj
 0001:0000bc90       _ssSetInputPortVectorDimension 000000018000cc90 f   flightControlSystem_sfun_registry.obj
 0001:0000bd40       _ssSetOutputPortVectorDimension 000000018000cd40 f   flightControlSystem_sfun_registry.obj
 0001:0000bdf0       ssIsRunTimeParamTunable    000000018000cdf0 f   flightControlSystem_sfun_registry.obj
 0001:0000be60       ssGetSFuncBlockHandle      000000018000ce60 f   flightControlSystem_sfun_registry.obj
 0001:0000bed0       _ssGetCallSystemNumFcnCallDestinations 000000018000ced0 f   flightControlSystem_sfun_registry.obj
 0001:0000bf40       _ssGetCurrentInputPortWidth 000000018000cf40 f   flightControlSystem_sfun_registry.obj
 0001:0000c080       _ssGetCurrentOutputPortWidth 000000018000d080 f   flightControlSystem_sfun_registry.obj
 0001:0000c1c0       ssGetIsZeroCrossControlDisabled 000000018000d1c0 f   flightControlSystem_sfun_registry.obj
 0001:0000c230       ssSetIsInputPortUsedForContZcSignal 000000018000d230 f   flightControlSystem_sfun_registry.obj
 0001:0000c2a0       ssSetZcSignalIsZcElementDisc 000000018000d2a0 f   flightControlSystem_sfun_registry.obj
 0001:0000c350       ssSetZcSignalName          000000018000d350 f   flightControlSystem_sfun_registry.obj
 0001:0000c3c0       ssSetZcSignalWidth         000000018000d3c0 f   flightControlSystem_sfun_registry.obj
 0001:0000c430       ssSetZcSignalZcEventType   000000018000d430 f   flightControlSystem_sfun_registry.obj
 0001:0000c4a0       ssSetZcSignalType          000000018000d4a0 f   flightControlSystem_sfun_registry.obj
 0001:0000c510       ssSetZcSignalZcTol         000000018000d510 f   flightControlSystem_sfun_registry.obj
 0001:0000c580       ssSetZcSignalNeedsEventNotification 000000018000d580 f   flightControlSystem_sfun_registry.obj
 0001:0000c5f0       ssCreateAndAddZcSignalInfo 000000018000d5f0 f   flightControlSystem_sfun_registry.obj
 0001:0000c660       ssCloneAndAddZcSignalInfo  000000018000d660 f   flightControlSystem_sfun_registry.obj
 0001:0000c6d0       ssGetNumZcSignals          000000018000d6d0 f   flightControlSystem_sfun_registry.obj
 0001:0000c740       ssGetZcSignalVector        000000018000d740 f   flightControlSystem_sfun_registry.obj
 0001:0000c7b0       ssGetZcSignalName          000000018000d7b0 f   flightControlSystem_sfun_registry.obj
 0001:0000c820       ssGetZcSignalWidth         000000018000d820 f   flightControlSystem_sfun_registry.obj
 0001:0000c890       ssGetZcSignalZcEventType   000000018000d890 f   flightControlSystem_sfun_registry.obj
 0001:0000c900       ssGetZcSignalZcEvents      000000018000d900 f   flightControlSystem_sfun_registry.obj
 0001:0000c970       ssGetZcSignalType          000000018000d970 f   flightControlSystem_sfun_registry.obj
 0001:0000c9e0       ssGetZcSignalZcTol         000000018000d9e0 f   flightControlSystem_sfun_registry.obj
 0001:0000ca60       ssGetZcSignalNeedsEventNotification 000000018000da60 f   flightControlSystem_sfun_registry.obj
 0001:0000cad0       ssGetZcSignalIsZcElementDisc 000000018000dad0 f   flightControlSystem_sfun_registry.obj
 0001:0000cb70       ssGetIsInputPortElementContinuous 000000018000db70 f   flightControlSystem_sfun_registry.obj
 0001:0000cc10       _ssGetAbsTol               000000018000dc10 f   flightControlSystem_sfun_registry.obj
 0001:0000cc80       _ssSetStateAbsTol          000000018000dc80 f   flightControlSystem_sfun_registry.obj
 0001:0000cd60       _ssSetInputPortReusableFcn 000000018000dd60 f   flightControlSystem_sfun_registry.obj
 0001:0000ce60       _ssSetOutputPortReusableFcn 000000018000de60 f   flightControlSystem_sfun_registry.obj
 0001:0000cf60       _ssSetSymbolicDimsSupport  000000018000df60 f   flightControlSystem_sfun_registry.obj
 0001:0000cfd0       _ssRegisterSymbolicDimsExpr 000000018000dfd0 f   flightControlSystem_sfun_registry.obj
 0001:0000d050       _ssRegisterSymbolicDimsMATLABExpr 000000018000e050 f   flightControlSystem_sfun_registry.obj
 0001:0000d0e0       _ssRegisterSymbolicDims    000000018000e0e0 f   flightControlSystem_sfun_registry.obj
 0001:0000d180       _ssRegisterSymbolicDimsString 000000018000e180 f   flightControlSystem_sfun_registry.obj
 0001:0000d200       _ssRegisterSymbolicDimsIntValue 000000018000e200 f   flightControlSystem_sfun_registry.obj
 0001:0000d270       _ssRegisterSymbolicEqualRelation 000000018000e270 f   flightControlSystem_sfun_registry.obj
 0001:0000d2e0       _ssRegisterSymbolicEqualValue 000000018000e2e0 f   flightControlSystem_sfun_registry.obj
 0001:0000d350       _ssAmendLeadingSymbolicDims 000000018000e350 f   flightControlSystem_sfun_registry.obj
 0001:0000d3d0       _ssAmendTrailingSymbolicDims 000000018000e3d0 f   flightControlSystem_sfun_registry.obj
 0001:0000d450       _ssRegisterSymbolicDimsPlus 000000018000e450 f   flightControlSystem_sfun_registry.obj
 0001:0000d4d0       _ssRegisterSymbolicDimsMinus 000000018000e4d0 f   flightControlSystem_sfun_registry.obj
 0001:0000d550       _ssRegisterSymbolicDimsMultiply 000000018000e550 f   flightControlSystem_sfun_registry.obj
 0001:0000d5d0       _ssRegisterSymbolicDimsDivide 000000018000e5d0 f   flightControlSystem_sfun_registry.obj
 0001:0000d650       _ssGetNumSymbolicDims      000000018000e650 f   flightControlSystem_sfun_registry.obj
 0001:0000d6c0       _ssGetSymbolicDim          000000018000e6c0 f   flightControlSystem_sfun_registry.obj
 0001:0000d740       _ssSetInputPortSymbolicDimsId 000000018000e740 f   flightControlSystem_sfun_registry.obj
 0001:0000d7b0       _ssGetCompInputPortSymbolicDimsId 000000018000e7b0 f   flightControlSystem_sfun_registry.obj
 0001:0000d820       _ssSetCompInputPortSymbolicDimsId 000000018000e820 f   flightControlSystem_sfun_registry.obj
 0001:0000d890       _ssSetOutputPortSymbolicDimsId 000000018000e890 f   flightControlSystem_sfun_registry.obj
 0001:0000d900       _ssGetCompOutputPortSymbolicDimsId 000000018000e900 f   flightControlSystem_sfun_registry.obj
 0001:0000d970       _ssSetCompOutputPortSymbolicDimsId 000000018000e970 f   flightControlSystem_sfun_registry.obj
 0001:0000d9e0       _ssGetDWorkSymbolicDimsId  000000018000e9e0 f   flightControlSystem_sfun_registry.obj
 0001:0000da50       _ssSetDWorkSymbolicDimsId  000000018000ea50 f   flightControlSystem_sfun_registry.obj
 0001:0000dac0       _ssGetCompDWorkSymbolicDimsId 000000018000eac0 f   flightControlSystem_sfun_registry.obj
 0001:0000db30       _ssSetCompDWorkSymbolicDimsId 000000018000eb30 f   flightControlSystem_sfun_registry.obj
 0001:0000dba0       _ssCreateSLCGStringBuffer  000000018000eba0 f   flightControlSystem_sfun_registry.obj
 0001:0000dc10       _ssAddToSLCGStringBuffer   000000018000ec10 f   flightControlSystem_sfun_registry.obj
 0001:0000dc80       _ssGetPointerContainedData 000000018000ec80 f   flightControlSystem_sfun_registry.obj
 0001:0000dd10       _ssGetPointerContainedDataWidth 000000018000ed10 f   flightControlSystem_sfun_registry.obj
 0001:0000dda0       _ssRegisterDynamicArrayDataTypeFcn 000000018000eda0 f   flightControlSystem_sfun_registry.obj
 0001:0000de40       _ssGetDynamicArrayContainedDataCurrentWidthFcn 000000018000ee40 f   flightControlSystem_sfun_registry.obj
 0001:0000df10       _ssGetDynamicArrayContainedDataFcn 000000018000ef10 f   flightControlSystem_sfun_registry.obj
 0001:0000dfe0       _ssGetInputPortDynamicArrayDataFcn 000000018000efe0 f   flightControlSystem_sfun_registry.obj
 0001:0000e0a0       _ssGetOutputPortDynamicArrayDataFcn 000000018000f0a0 f   flightControlSystem_sfun_registry.obj
 0001:0000e160       _ssGetInputPortDynamicArrayContainedDataFcn 000000018000f160 f   flightControlSystem_sfun_registry.obj
 0001:0000e220       _ssGetOutputPortDynamicArrayContainedDataFcn 000000018000f220 f   flightControlSystem_sfun_registry.obj
 0001:0000e2e0       _ssGetDynamicArrayDWorkContainedDataFcn 000000018000f2e0 f   flightControlSystem_sfun_registry.obj
 0001:0000e3a0       sf_process_check_sum_call  000000018000f3a0 f   flightControlSystem_sfun_registry.obj
 0001:0000e3f0       sf_process_get_third_party_uses_info_call 000000018000f3f0 f   flightControlSystem_sfun_registry.obj
 0001:0000e620       sf_process_get_jit_fallback_info_call 000000018000f620 f   flightControlSystem_sfun_registry.obj
 0001:0000e850       sf_process_get_post_codegen_info_call 000000018000f850 f   flightControlSystem_sfun_registry.obj
 0001:0000ea80       sf_process_get_updateBuildInfo_args_info_call 000000018000fa80 f   flightControlSystem_sfun_registry.obj
 0001:0000ecb0       sf_process_get_eml_resolved_functions_info_call 000000018000fcb0 f   flightControlSystem_sfun_registry.obj
 0001:0000eee0       sf_mex_unlock_call         000000018000fee0 f   flightControlSystem_sfun_registry.obj
 0001:0000f100       sf_machine_global_initializer_called 0000000180010100 f   flightControlSystem_sfun_registry.obj
 0001:0000f130       sf_machine_global_method_dispatcher 0000000180010130 f   flightControlSystem_sfun_registry.obj
 0001:0000f190       sf_machine_global_terminator 0000000180010190 f   flightControlSystem_sfun_registry.obj
 0001:0000f1d0       callCustomFcn              00000001800101d0 f   flightControlSystem_sfun_registry.obj
 0001:0000f1e0       sf_machine_global_initializer 00000001800101e0 f   flightControlSystem_sfun_registry.obj
 0001:0000f210       mdlGetSimState             0000000180010210 f   flightControlSystem_sfun_registry.obj
 0001:0000f250       mdlSetSimState             0000000180010250 f   flightControlSystem_sfun_registry.obj
 0001:0000fc00       ProcessMexSfunctionEveryCall 0000000180010c00 f   flightControlSystem_sfun_registry.obj
 0001:00010d90       __local_stdio_printf_options 0000000180011d90 f i flightControlSystem_sfun_registry.obj
 0001:00010da0       _vsnprintf_l               0000000180011da0 f i flightControlSystem_sfun_registry.obj
 0001:00010e20       _vsprintf_l                0000000180011e20 f i flightControlSystem_sfun_registry.obj
 0001:00010e70       sprintf                    0000000180011e70 f i flightControlSystem_sfun_registry.obj
 0001:00010ec0       mexfilerequiredapiversion  0000000180011ec0 f   c_mexapi_version.obj
 0001:00010ef0       getBitfieldFromFloat       0000000180011ef0 f   half_type.obj
 0001:00010f20       getFloatFromBitfield       0000000180011f20 f   half_type.obj
 0001:00010f50       getBitfieldFromHalf        0000000180011f50 f   half_type.obj
 0001:00010f70       getHalfFromBitfield        0000000180011f70 f   half_type.obj
 0001:00010fa0       halfToFloat                0000000180011fa0 f   half_type.obj
 0001:00011120       halfToDouble               0000000180012120 f   half_type.obj
 0001:00011150       floatToHalf                0000000180012150 f   half_type.obj
 0001:000113b0       doubleToHalf               00000001800123b0 f   half_type.obj
 0001:0001169b       erode_binary_ones33_tbb    000000018001269b f   libmwmorphop_binary_tbb:libmwmorphop_binary_tbb.dll
 0001:000116a1       sf_load_rtw_optimization_info 00000001800126a1 f   sf_runtime:sf_runtime.dll
 0001:000116a7       sf_mex_decode              00000001800126a7 f   sf_runtime:sf_runtime.dll
 0001:000116ad       sf_init_ChartRunTimeInfo   00000001800126ad f   sf_runtime:sf_runtime.dll
 0001:000116b3       sf_free_ChartRunTimeInfo   00000001800126b3 f   sf_runtime:sf_runtime.dll
 0001:000116b9       sf_reset_warnings_ChartRunTimeInfo 00000001800126b9 f   sf_runtime:sf_runtime.dll
 0001:000116bf       sfrtGetEmlrtCtx            00000001800126bf f   sf_runtime:sf_runtime.dll
 0001:000116c5       sfrtGetCovrtInstance       00000001800126c5 f   sf_runtime:sf_runtime.dll
 0001:000116cb       sf_get_chart_instance_ptr  00000001800126cb f   sf_runtime:sf_runtime.dll
 0001:000116d1       sfSetAnimationVectors      00000001800126d1 f   sf_runtime:sf_runtime.dll
 0001:000116d7       sim_mode_is_rtw_gen        00000001800126d7 f   sf_runtime:sf_runtime.dll
 0001:000116dd       sim_mode_is_external       00000001800126dd f   sf_runtime:sf_runtime.dll
 0001:000116e3       sf_clear_rtw_identifier    00000001800126e3 f   sf_runtime:sf_runtime.dll
 0001:000116e9       sf_get_time                00000001800126e9 f   sf_runtime:sf_runtime.dll
 0001:000116ef       sf_set_work_widths         00000001800126ef f   sf_runtime:sf_runtime.dll
 0001:000116f5       mdlProcessParamsCommon     00000001800126f5 f   sf_runtime:sf_runtime.dll
 0001:000116fb       sf_mex_call                00000001800126fb f   sf_runtime:sf_runtime.dll
 0001:00011701       sf_mex_error_message       0000000180012701 f   sf_runtime:sf_runtime.dll
 0001:00011707       sf_mex_create              0000000180012707 f   sf_runtime:sf_runtime.dll
 0001:0001170d       sf_mex_createcellmatrix    000000018001270d f   sf_runtime:sf_runtime.dll
 0001:00011713       sf_mex_setcell             0000000180012713 f   sf_runtime:sf_runtime.dll
 0001:00011719       sf_mex_getcell             0000000180012719 f   sf_runtime:sf_runtime.dll
 0001:0001171f       sf_mex_assign              000000018001271f f   sf_runtime:sf_runtime.dll
 0001:00011725       sf_mex_dup                 0000000180012725 f   sf_runtime:sf_runtime.dll
 0001:0001172b       sf_mex_destroy             000000018001272b f   sf_runtime:sf_runtime.dll
 0001:00011731       sf_mex_import              0000000180012731 f   sf_runtime:sf_runtime.dll
 0001:00011737       ssGetInputPortSignal_wrapper 0000000180012737 f   sf_runtime:sf_runtime.dll
 0001:0001173d       ssGetOutputPortSignal_wrapper 000000018001273d f   sf_runtime:sf_runtime.dll
 0001:00011743       sf_get_ChartInfoStruct_CodeGen 0000000180012743 f   sf_runtime:sf_runtime.dll
 0001:00011749       sf_get_hasSeparateUpdateOutputs 0000000180012749 f   sf_runtime:sf_runtime.dll
 0001:0001174f       callMdlMethodAndReportError 000000018001274f f   sf_runtime:sf_runtime.dll
 0001:00011755       call_sf_machine_global_method_dispatcher 0000000180012755 f   sf_runtime:sf_runtime.dll
 0001:0001175b       getRuntimeInstanceInfoAsVoid 000000018001275b f   sf_runtime:sf_runtime.dll
 0001:00011761       sf_mex_error_direct_call   0000000180012761 f   sf_runtime:sf_runtime.dll
 0001:00011767       sf_clear_error_manager_info 0000000180012767 f   sf_runtime:sf_runtime.dll
 0001:0001176d       mxIsChar_800               000000018001276d f   libmx:libmx.dll
 0001:00011773       mxGetScalar_800            0000000180012773 f   libmx:libmx.dll
 0001:00011779       mxGetPr_800                0000000180012779 f   libmx:libmx.dll
 0001:0001177f       mxDestroyArray_800         000000018001277f f   libmx:libmx.dll
 0001:00011785       mxCreateDoubleMatrix_800   0000000180012785 f   libmx:libmx.dll
 0001:0001178b       mxGetString_800            000000018001278b f   libmx:libmx.dll
 0001:00011791       mxDuplicateArray_800       0000000180012791 f   libmx:libmx.dll
 0001:00011797       mxSetCell_800              0000000180012797 f   libmx:libmx.dll
 0001:0001179d       mxSetField_800             000000018001279d f   libmx:libmx.dll
 0001:000117a3       mxCreateString_800         00000001800127a3 f   libmx:libmx.dll
 0001:000117a9       mxCreateCellMatrix_800     00000001800127a9 f   libmx:libmx.dll
 0001:000117af       mxCreateStructMatrix_800   00000001800127af f   libmx:libmx.dll
 0001:000117b5       mxCalloc_800               00000001800127b5 f   libmx:libmx.dll
 0001:000117bb       mxGetM_800                 00000001800127bb f   libmx:libmx.dll
 0001:000117c1       mxGetClassID_800           00000001800127c1 f   libmx:libmx.dll
 0001:000117c7       mxIsNumeric_800            00000001800127c7 f   libmx:libmx.dll
 0001:000117cd       mxIsComplex_800            00000001800127cd f   libmx:libmx.dll
 0001:000117d3       mxGetN_800                 00000001800127d3 f   libmx:libmx.dll
 0001:000117d9       mxCreateDoubleScalar_800   00000001800127d9 f   libmx:libmx.dll
 0001:000117df       mexMakeArrayPersistent_800 00000001800127df f   libmex:libmex.dll
 0001:000117e5       mexErrMsgTxt_800           00000001800127e5 f   libmex:libmex.dll
 0001:000117eb       mexWarnMsgTxt_800          00000001800127eb f   libmex:libmex.dll
 0001:000117f1       mexCallMATLAB_800          00000001800127f1 f   libmex:libmex.dll
 0001:000117f7       mexLock_800                00000001800127f7 f   libmex:libmex.dll
 0001:000117fd       mexUnlock_800              00000001800127fd f   libmex:libmex.dll
 0001:00011803       mexIsLocked_800            0000000180012803 f   libmex:libmex.dll
 0001:00011809       utMalloc                   0000000180012809 f   libut:libut.dll
 0001:0001180f       utFree                     000000018001280f f   libut:libut.dll
 0001:00011815       muDoubleScalarAbs          0000000180012815 f   libmwmathutil:libmwmathutil.dll
 0001:0001181b       muDoubleScalarSqrt         000000018001281b f   libmwmathutil:libmwmathutil.dll
 0001:00011821       emlrtLicenseCheckR2022a    0000000180012821 f   libemlrt:libemlrt.dll
 0001:00011827       covrtCreateStateflowInstanceData 0000000180012827 f   libcovrt:libcovrt.dll
 0001:0001182d       covrtDeleteStateflowInstanceData 000000018001282d f   libcovrt:libcovrt.dll
 0001:00011833       covrtTransInitFcn          0000000180012833 f   libcovrt:libcovrt.dll
 0001:00011839       covrtStateInitFcn          0000000180012839 f   libcovrt:libcovrt.dll
 0001:0001183f       covrtChartInitFcn          000000018001283f f   libcovrt:libcovrt.dll
 0001:00011845       covrtRelationalopUpdateFcn 0000000180012845 f   libcovrt:libcovrt.dll
 0001:0001184b       covrtSigUpdateFcn          000000018001284b f   libcovrt:libcovrt.dll
 0001:00011851       covrtSigUpdateFcnAssumingCovEnabled 0000000180012851 f   libcovrt:libcovrt.dll
 0001:00011857       covrtIsSigCovEnabledFcn    0000000180012857 f   libcovrt:libcovrt.dll
 0001:0001185d       covrtEmlInitFcn            000000018001285d f   libcovrt:libcovrt.dll
 0001:00011863       covrtEmlFcnInitFcn         0000000180012863 f   libcovrt:libcovrt.dll
 0001:00011869       covrtEmlIfInitFcn          0000000180012869 f   libcovrt:libcovrt.dll
 0001:0001186f       covrtEmlMCDCInitFcn        000000018001286f f   libcovrt:libcovrt.dll
 0001:00011875       covrtEmlRelationalInitFcn  0000000180012875 f   libcovrt:libcovrt.dll
 0001:0001187b       covrtEmlFcnEval            000000018001287b f   libcovrt:libcovrt.dll
 0001:00011881       covrtEmlIfEval             0000000180012881 f   libcovrt:libcovrt.dll
 0001:00011887       covrtEmlCondEval           0000000180012887 f   libcovrt:libcovrt.dll
 0001:0001188d       covrtEmlMcdcEval           000000018001288d f   libcovrt:libcovrt.dll
 0001:00011894       __raise_securityfailure    0000000180012894 f   MSVCRT:gs_report.obj
 0001:000118c8       __report_gsfailure         00000001800128c8 f   MSVCRT:gs_report.obj
 0001:0001199c       __report_rangecheckfailure 000000018001299c f   MSVCRT:gs_report.obj
 0001:000119b0       __report_securityfailure   00000001800129b0 f   MSVCRT:gs_report.obj
 0001:00011a50       __report_securityfailureEx 0000000180012a50 f   MSVCRT:gs_report.obj
 0001:00011c44       __GSHandlerCheck           0000000180012c44 f   MSVCRT:gshandler.obj
 0001:00011c64       __GSHandlerCheckCommon     0000000180012c64 f   MSVCRT:gshandler.obj
 0001:00011ce0       __security_check_cookie    0000000180012ce0 f   MSVCRT:amdsecgs.obj
 0001:00011d10       __chkstk                   0000000180012d10 f   MSVCRT:chkstk.obj
 0001:00011d10       _alloca_probe              0000000180012d10 f   MSVCRT:chkstk.obj
 0001:00012090       _CRT_INIT                  0000000180013090 f   MSVCRT:dll_dllmain.obj
 0001:00012098       _DllMainCRTStartup         0000000180013098 f   MSVCRT:dll_dllmain.obj
 0001:00012148       __security_init_cookie     0000000180013148 f   MSVCRT:gs_support.obj
 0001:000121f8       DllMain                    00000001800131f8 f   MSVCRT:dll_dllmain_stub.obj
 0001:0001221c       ?__scrt_initialize_type_info@@YAXXZ 000000018001321c f   MSVCRT:tncleanup.obj
 0001:0001222c       ?__scrt_uninitialize_type_info@@YAXXZ 000000018001322c f   MSVCRT:tncleanup.obj
 0001:00012238       __local_stdio_scanf_options 0000000180013238 f i MSVCRT:default_local_stdio_options.obj
 0001:00012240       __scrt_initialize_default_local_stdio_options 0000000180013240 f   MSVCRT:default_local_stdio_options.obj
 0001:0001225c       ?configure_argv@__scrt_narrow_argv_policy@@SAHXZ 000000018001325c f i MSVCRT:utility.obj
 0001:000122bc       ?initialize_environment@__scrt_narrow_environment_policy@@SAHXZ 00000001800132bc f i MSVCRT:utility.obj
 0001:000122f4       NtCurrentTeb               00000001800132f4 f i MSVCRT:utility.obj
 0001:00012300       __scrt_acquire_startup_lock 0000000180013300 f   MSVCRT:utility.obj
 0001:0001233c       __scrt_dllmain_after_initialize_c 000000018001333c f   MSVCRT:utility.obj
 0001:00012370       __scrt_dllmain_before_initialize_c 0000000180013370 f   MSVCRT:utility.obj
 0001:00012388       __scrt_dllmain_crt_thread_attach 0000000180013388 f   MSVCRT:utility.obj
 0001:000123b0       __scrt_dllmain_crt_thread_detach 00000001800133b0 f   MSVCRT:utility.obj
 0001:000123c8       __scrt_dllmain_exception_filter 00000001800133c8 f   MSVCRT:utility.obj
 0001:00012428       __scrt_dllmain_uninitialize_c 0000000180013428 f   MSVCRT:utility.obj
 0001:00012458       __scrt_dllmain_uninitialize_critical 0000000180013458 f   MSVCRT:utility.obj
 0001:0001246c       __scrt_initialize_crt      000000018001346c f   MSVCRT:utility.obj
 0001:000124a8       __scrt_initialize_onexit_tables 00000001800134a8 f   MSVCRT:utility.obj
 0001:00012534       __scrt_is_nonwritable_in_current_image 0000000180013534 f   MSVCRT:utility.obj
 0001:000125cc       __scrt_release_startup_lock 00000001800135cc f   MSVCRT:utility.obj
 0001:000125f0       __scrt_uninitialize_crt    00000001800135f0 f   MSVCRT:utility.obj
 0001:0001261c       _onexit                    000000018001361c f   MSVCRT:utility.obj
 0001:00012658       at_quick_exit              0000000180013658 f   MSVCRT:utility.obj
 0001:00012678       atexit                     0000000180013678 f   MSVCRT:utility.obj
 0001:00012690       __scrt_get_dyn_tls_init_callback 0000000180013690 f   MSVCRT:dyn_tls_init.obj
 0001:00012698       __crt_debugger_hook        0000000180013698 f   MSVCRT:utility_desktop.obj
 0001:000126a4       __scrt_fastfail            00000001800136a4 f   MSVCRT:utility_desktop.obj
 0001:000127f0       __scrt_get_show_window_mode 00000001800137f0 f   MSVCRT:utility_desktop.obj
 0001:0001282c       __scrt_initialize_mta      000000018001382c f   MSVCRT:utility_desktop.obj
 0001:00012834       __scrt_initialize_winrt    0000000180013834 f   MSVCRT:utility_desktop.obj
 0001:00012838       __scrt_is_managed_app      0000000180013838 f   MSVCRT:utility_desktop.obj
 0001:0001288c       __scrt_set_unhandled_exception_filter 000000018001388c f   MSVCRT:utility_desktop.obj
 0001:0001289c       __scrt_exe_initialize_mta  000000018001389c f   MSVCRT:utility_desktop.obj
 0001:0001289c       __scrt_stub_for_initialize_mta 000000018001389c f   MSVCRT:utility_desktop.obj
 0001:000128a0       __scrt_unhandled_exception_filter 00000001800138a0 f   MSVCRT:utility_desktop.obj
 0001:00012904       _RTC_Initialize            0000000180013904 f   MSVCRT:initsect.obj
 0001:00012940       _RTC_Terminate             0000000180013940 f   MSVCRT:initsect.obj
 0001:0001297c       _guard_check_icall_nop     000000018001397c f i MSVCRT:guard_support.obj
 0001:00012980       ReadNoFence64              0000000180013980 f i MSVCRT:guard_support.obj
 0001:00012984       ReadPointerNoFence         0000000180013984 f i MSVCRT:guard_support.obj
 0001:00012988       __castguard_check_failure_debugbreak 0000000180013988 f i MSVCRT:guard_support.obj
 0001:000129a4       __castguard_check_failure_fastfail 00000001800139a4 f i MSVCRT:guard_support.obj
 0001:000129c8       __castguard_check_failure_nop 00000001800139c8 f i MSVCRT:guard_support.obj
 0001:000129cc       __castguard_check_failure_os_handled 00000001800139cc f i MSVCRT:guard_support.obj
 0001:00012a18       __castguard_check_failure_user_handled 0000000180013a18 f i MSVCRT:guard_support.obj
 0001:00012a8c       __castguard_set_user_handler 0000000180013a8c f i MSVCRT:guard_support.obj
 0001:00012a98       __castguard_slow_path_check_debugbreak 0000000180013a98 f i MSVCRT:guard_support.obj
 0001:00012acc       __castguard_slow_path_check_fastfail 0000000180013acc f i MSVCRT:guard_support.obj
 0001:00012b08       __castguard_slow_path_check_nop 0000000180013b08 f i MSVCRT:guard_support.obj
 0001:00012b0c       __castguard_slow_path_check_os_handled 0000000180013b0c f i MSVCRT:guard_support.obj
 0001:00012b58       __castguard_slow_path_check_user_handled 0000000180013b58 f i MSVCRT:guard_support.obj
 0001:00012bc4       _guard_icall_checks_enforced 0000000180013bc4 f i MSVCRT:guard_support.obj
 0001:00012bdc       _guard_rf_checks_enforced  0000000180013bdc f i MSVCRT:guard_support.obj
 0001:00012be0       __isa_available_init       0000000180013be0 f   MSVCRT:cpu_disp.obj
 0001:00012e78       _get_startup_argv_mode     0000000180013e78 f   MSVCRT:argv_mode.obj
 0001:00012e80       __scrt_is_ucrt_dll_in_use  0000000180013e80 f   MSVCRT:ucrt_detection.obj
 0001:00012e90       RtlCaptureContext          0000000180013e90 f   kernel32:KERNEL32.dll
 0001:00012e96       RtlLookupFunctionEntry     0000000180013e96 f   kernel32:KERNEL32.dll
 0001:00012e9c       RtlVirtualUnwind           0000000180013e9c f   kernel32:KERNEL32.dll
 0001:00012ea2       UnhandledExceptionFilter   0000000180013ea2 f   kernel32:KERNEL32.dll
 0001:00012ea8       SetUnhandledExceptionFilter 0000000180013ea8 f   kernel32:KERNEL32.dll
 0001:00012eae       GetCurrentProcess          0000000180013eae f   kernel32:KERNEL32.dll
 0001:00012eb4       TerminateProcess           0000000180013eb4 f   kernel32:KERNEL32.dll
 0001:00012eba       IsProcessorFeaturePresent  0000000180013eba f   kernel32:KERNEL32.dll
 0001:00012ec0       QueryPerformanceCounter    0000000180013ec0 f   kernel32:KERNEL32.dll
 0001:00012ec6       GetCurrentProcessId        0000000180013ec6 f   kernel32:KERNEL32.dll
 0001:00012ecc       GetCurrentThreadId         0000000180013ecc f   kernel32:KERNEL32.dll
 0001:00012ed2       GetSystemTimeAsFileTime    0000000180013ed2 f   kernel32:KERNEL32.dll
 0001:00012ed8       DisableThreadLibraryCalls  0000000180013ed8 f   kernel32:KERNEL32.dll
 0001:00012ede       InitializeSListHead        0000000180013ede f   kernel32:KERNEL32.dll
 0001:00012ee4       IsDebuggerPresent          0000000180013ee4 f   kernel32:KERNEL32.dll
 0001:00012eea       GetStartupInfoW            0000000180013eea f   kernel32:KERNEL32.dll
 0001:00012ef0       GetModuleHandleW           0000000180013ef0 f   kernel32:KERNEL32.dll
 0001:00012ef6       memset                     0000000180013ef6 f   vcruntime:VCRUNTIME140.dll
 0001:00012efc       memcpy                     0000000180013efc f   vcruntime:VCRUNTIME140.dll
 0001:00012f02       __C_specific_handler       0000000180013f02 f   vcruntime:VCRUNTIME140.dll
 0001:00012f08       __std_type_info_destroy_list 0000000180013f08 f   vcruntime:VCRUNTIME140.dll
 0001:00012f0e       __current_exception        0000000180013f0e f   vcruntime:VCRUNTIME140.dll
 0001:00012f14       __current_exception_context 0000000180013f14 f   vcruntime:VCRUNTIME140.dll
 0001:00012f1a       strcmp                     0000000180013f1a f   ucrt:api-ms-win-crt-string-l1-1-0.dll
 0001:00012f20       strcat                     0000000180013f20 f   ucrt:api-ms-win-crt-string-l1-1-0.dll
 0001:00012f26       __stdio_common_vsprintf    0000000180013f26 f   ucrt:api-ms-win-crt-stdio-l1-1-0.dll
 0001:00012f2c       free                       0000000180013f2c f   ucrt:api-ms-win-crt-heap-l1-1-0.dll
 0001:00012f32       malloc                     0000000180013f32 f   ucrt:api-ms-win-crt-heap-l1-1-0.dll
 0001:00012f38       strlen                     0000000180013f38 f   ucrt:api-ms-win-crt-string-l1-1-0.dll
 0001:00012f3e       _initterm                  0000000180013f3e f   ucrt:api-ms-win-crt-runtime-l1-1-0.dll
 0001:00012f44       _initterm_e                0000000180013f44 f   ucrt:api-ms-win-crt-runtime-l1-1-0.dll
 0001:00012f4a       _seh_filter_dll            0000000180013f4a f   ucrt:api-ms-win-crt-runtime-l1-1-0.dll
 0001:00012f50       _configure_narrow_argv     0000000180013f50 f   ucrt:api-ms-win-crt-runtime-l1-1-0.dll
 0001:00012f56       _initialize_narrow_environment 0000000180013f56 f   ucrt:api-ms-win-crt-runtime-l1-1-0.dll
 0001:00012f5c       _initialize_onexit_table   0000000180013f5c f   ucrt:api-ms-win-crt-runtime-l1-1-0.dll
 0001:00012f62       _register_onexit_function  0000000180013f62 f   ucrt:api-ms-win-crt-runtime-l1-1-0.dll
 0001:00012f68       _execute_onexit_table      0000000180013f68 f   ucrt:api-ms-win-crt-runtime-l1-1-0.dll
 0001:00012f6e       _crt_atexit                0000000180013f6e f   ucrt:api-ms-win-crt-runtime-l1-1-0.dll
 0001:00012f74       _crt_at_quick_exit         0000000180013f74 f   ucrt:api-ms-win-crt-runtime-l1-1-0.dll
 0001:00012f7a       _cexit                     0000000180013f7a f   ucrt:api-ms-win-crt-runtime-l1-1-0.dll
 0001:00012f80       terminate                  0000000180013f80 f   ucrt:api-ms-win-crt-runtime-l1-1-0.dll
 0001:00012f88       __acrt_initialize          0000000180013f88 f   MSVCRT:ucrt_stubs.obj
 0001:00012f88       __scrt_stub_for_acrt_initialize 0000000180013f88 f   MSVCRT:ucrt_stubs.obj
 0001:00012f88       __vcrt_initialize          0000000180013f88 f   MSVCRT:ucrt_stubs.obj
 0001:00012f8c       __acrt_thread_attach       0000000180013f8c f   MSVCRT:ucrt_stubs.obj
 0001:00012f8c       __scrt_stub_for_acrt_thread_attach 0000000180013f8c f   MSVCRT:ucrt_stubs.obj
 0001:00012f8c       __vcrt_thread_attach       0000000180013f8c f   MSVCRT:ucrt_stubs.obj
 0001:00012f90       __acrt_thread_detach       0000000180013f90 f   MSVCRT:ucrt_stubs.obj
 0001:00012f90       __scrt_stub_for_acrt_thread_detach 0000000180013f90 f   MSVCRT:ucrt_stubs.obj
 0001:00012f90       __vcrt_thread_detach       0000000180013f90 f   MSVCRT:ucrt_stubs.obj
 0001:00012f94       __acrt_uninitialize        0000000180013f94 f   MSVCRT:ucrt_stubs.obj
 0001:00012f94       __scrt_stub_for_acrt_uninitialize 0000000180013f94 f   MSVCRT:ucrt_stubs.obj
 0001:00012f94       __vcrt_uninitialize        0000000180013f94 f   MSVCRT:ucrt_stubs.obj
 0001:00012f98       __acrt_uninitialize_critical 0000000180013f98 f   MSVCRT:ucrt_stubs.obj
 0001:00012f98       __scrt_stub_for_acrt_uninitialize_critical 0000000180013f98 f   MSVCRT:ucrt_stubs.obj
 0001:00012f98       __vcrt_uninitialize_critical 0000000180013f98 f   MSVCRT:ucrt_stubs.obj
 0001:00012f9c       __scrt_stub_for_is_c_termination_complete 0000000180013f9c f   MSVCRT:ucrt_stubs.obj
 0001:00012f9c       _is_c_termination_complete 0000000180013f9c f   MSVCRT:ucrt_stubs.obj
 0001:00012fb0       _guard_dispatch_icall_nop  0000000180013fb0 f   MSVCRT:guard_dispatch.obj
 0001:00012fd0       _guard_xfg_dispatch_icall_nop 0000000180013fd0 f   MSVCRT:guard_xfg_dispatch.obj
 0002:00000000       __imp_IsProcessorFeaturePresent 0000000180015000     kernel32:KERNEL32.dll
 0002:00000008       __imp_QueryPerformanceCounter 0000000180015008     kernel32:KERNEL32.dll
 0002:00000010       __imp_RtlCaptureContext    0000000180015010     kernel32:KERNEL32.dll
 0002:00000018       __imp_RtlLookupFunctionEntry 0000000180015018     kernel32:KERNEL32.dll
 0002:00000020       __imp_GetCurrentProcessId  0000000180015020     kernel32:KERNEL32.dll
 0002:00000028       __imp_GetCurrentThreadId   0000000180015028     kernel32:KERNEL32.dll
 0002:00000030       __imp_GetSystemTimeAsFileTime 0000000180015030     kernel32:KERNEL32.dll
 0002:00000038       __imp_DisableThreadLibraryCalls 0000000180015038     kernel32:KERNEL32.dll
 0002:00000040       __imp_InitializeSListHead  0000000180015040     kernel32:KERNEL32.dll
 0002:00000048       __imp_IsDebuggerPresent    0000000180015048     kernel32:KERNEL32.dll
 0002:00000050       __imp_GetStartupInfoW      0000000180015050     kernel32:KERNEL32.dll
 0002:00000058       __imp_GetModuleHandleW     0000000180015058     kernel32:KERNEL32.dll
 0002:00000060       __imp_GetCurrentProcess    0000000180015060     kernel32:KERNEL32.dll
 0002:00000068       __imp_SetUnhandledExceptionFilter 0000000180015068     kernel32:KERNEL32.dll
 0002:00000070       __imp_UnhandledExceptionFilter 0000000180015070     kernel32:KERNEL32.dll
 0002:00000078       __imp_RtlVirtualUnwind     0000000180015078     kernel32:KERNEL32.dll
 0002:00000080       __imp_TerminateProcess     0000000180015080     kernel32:KERNEL32.dll
 0002:00000088       \177KERNEL32_NULL_THUNK_DATA 0000000180015088     kernel32:KERNEL32.dll
 0002:00000090       __imp_memset               0000000180015090     vcruntime:VCRUNTIME140.dll
 0002:00000098       __imp_memcpy               0000000180015098     vcruntime:VCRUNTIME140.dll
 0002:000000a0       __imp___C_specific_handler 00000001800150a0     vcruntime:VCRUNTIME140.dll
 0002:000000a8       __imp___std_type_info_destroy_list 00000001800150a8     vcruntime:VCRUNTIME140.dll
 0002:000000b0       __imp___current_exception  00000001800150b0     vcruntime:VCRUNTIME140.dll
 0002:000000b8       __imp___current_exception_context 00000001800150b8     vcruntime:VCRUNTIME140.dll
 0002:000000c0       \177VCRUNTIME140_NULL_THUNK_DATA 00000001800150c0     vcruntime:VCRUNTIME140.dll
 0002:000000c8       __imp_malloc               00000001800150c8     ucrt:api-ms-win-crt-heap-l1-1-0.dll
 0002:000000d0       __imp_free                 00000001800150d0     ucrt:api-ms-win-crt-heap-l1-1-0.dll
 0002:000000d8       \177api-ms-win-crt-heap-l1-1-0_NULL_THUNK_DATA 00000001800150d8     ucrt:api-ms-win-crt-heap-l1-1-0.dll
 0002:000000e0       __imp__initterm_e          00000001800150e0     ucrt:api-ms-win-crt-runtime-l1-1-0.dll
 0002:000000e8       __imp__seh_filter_dll      00000001800150e8     ucrt:api-ms-win-crt-runtime-l1-1-0.dll
 0002:000000f0       __imp__initialize_narrow_environment 00000001800150f0     ucrt:api-ms-win-crt-runtime-l1-1-0.dll
 0002:000000f8       __imp__configure_narrow_argv 00000001800150f8     ucrt:api-ms-win-crt-runtime-l1-1-0.dll
 0002:00000100       __imp__register_onexit_function 0000000180015100     ucrt:api-ms-win-crt-runtime-l1-1-0.dll
 0002:00000108       __imp__execute_onexit_table 0000000180015108     ucrt:api-ms-win-crt-runtime-l1-1-0.dll
 0002:00000110       __imp__crt_atexit          0000000180015110     ucrt:api-ms-win-crt-runtime-l1-1-0.dll
 0002:00000118       __imp__crt_at_quick_exit   0000000180015118     ucrt:api-ms-win-crt-runtime-l1-1-0.dll
 0002:00000120       __imp__cexit               0000000180015120     ucrt:api-ms-win-crt-runtime-l1-1-0.dll
 0002:00000128       __imp_terminate            0000000180015128     ucrt:api-ms-win-crt-runtime-l1-1-0.dll
 0002:00000130       __imp__initialize_onexit_table 0000000180015130     ucrt:api-ms-win-crt-runtime-l1-1-0.dll
 0002:00000138       __imp__initterm            0000000180015138     ucrt:api-ms-win-crt-runtime-l1-1-0.dll
 0002:00000140       \177api-ms-win-crt-runtime-l1-1-0_NULL_THUNK_DATA 0000000180015140     ucrt:api-ms-win-crt-runtime-l1-1-0.dll
 0002:00000148       __imp___stdio_common_vsprintf 0000000180015148     ucrt:api-ms-win-crt-stdio-l1-1-0.dll
 0002:00000150       \177api-ms-win-crt-stdio-l1-1-0_NULL_THUNK_DATA 0000000180015150     ucrt:api-ms-win-crt-stdio-l1-1-0.dll
 0002:00000158       __imp_strlen               0000000180015158     ucrt:api-ms-win-crt-string-l1-1-0.dll
 0002:00000160       __imp_strcat               0000000180015160     ucrt:api-ms-win-crt-string-l1-1-0.dll
 0002:00000168       __imp_strcmp               0000000180015168     ucrt:api-ms-win-crt-string-l1-1-0.dll
 0002:00000170       \177api-ms-win-crt-string-l1-1-0_NULL_THUNK_DATA 0000000180015170     ucrt:api-ms-win-crt-string-l1-1-0.dll
 0002:00000178       __imp_covrtStateInitFcn    0000000180015178     libcovrt:libcovrt.dll
 0002:00000180       __imp_covrtEmlMcdcEval     0000000180015180     libcovrt:libcovrt.dll
 0002:00000188       __imp_covrtEmlCondEval     0000000180015188     libcovrt:libcovrt.dll
 0002:00000190       __imp_covrtEmlIfEval       0000000180015190     libcovrt:libcovrt.dll
 0002:00000198       __imp_covrtEmlFcnEval      0000000180015198     libcovrt:libcovrt.dll
 0002:000001a0       __imp_covrtEmlRelationalInitFcn 00000001800151a0     libcovrt:libcovrt.dll
 0002:000001a8       __imp_covrtEmlMCDCInitFcn  00000001800151a8     libcovrt:libcovrt.dll
 0002:000001b0       __imp_covrtEmlIfInitFcn    00000001800151b0     libcovrt:libcovrt.dll
 0002:000001b8       __imp_covrtEmlFcnInitFcn   00000001800151b8     libcovrt:libcovrt.dll
 0002:000001c0       __imp_covrtEmlInitFcn      00000001800151c0     libcovrt:libcovrt.dll
 0002:000001c8       __imp_covrtTransInitFcn    00000001800151c8     libcovrt:libcovrt.dll
 0002:000001d0       __imp_covrtDeleteStateflowInstanceData 00000001800151d0     libcovrt:libcovrt.dll
 0002:000001d8       __imp_covrtChartInitFcn    00000001800151d8     libcovrt:libcovrt.dll
 0002:000001e0       __imp_covrtCreateStateflowInstanceData 00000001800151e0     libcovrt:libcovrt.dll
 0002:000001e8       __imp_covrtRelationalopUpdateFcn 00000001800151e8     libcovrt:libcovrt.dll
 0002:000001f0       __imp_covrtSigUpdateFcn    00000001800151f0     libcovrt:libcovrt.dll
 0002:000001f8       __imp_covrtSigUpdateFcnAssumingCovEnabled 00000001800151f8     libcovrt:libcovrt.dll
 0002:00000200       __imp_covrtIsSigCovEnabledFcn 0000000180015200     libcovrt:libcovrt.dll
 0002:00000208       \177libcovrt_NULL_THUNK_DATA 0000000180015208     libcovrt:libcovrt.dll
 0002:00000210       __imp_emlrtLicenseCheckR2022a 0000000180015210     libemlrt:libemlrt.dll
 0002:00000218       \177libemlrt_NULL_THUNK_DATA 0000000180015218     libemlrt:libemlrt.dll
 0002:00000220       __imp_mexMakeArrayPersistent_800 0000000180015220     libmex:libmex.dll
 0002:00000228       __imp_mexLock_800          0000000180015228     libmex:libmex.dll
 0002:00000230       __imp_mexWarnMsgTxt_800    0000000180015230     libmex:libmex.dll
 0002:00000238       __imp_mexUnlock_800        0000000180015238     libmex:libmex.dll
 0002:00000240       __imp_mexIsLocked_800      0000000180015240     libmex:libmex.dll
 0002:00000248       __imp_mexCallMATLAB_800    0000000180015248     libmex:libmex.dll
 0002:00000250       __imp_mexErrMsgTxt_800     0000000180015250     libmex:libmex.dll
 0002:00000258       \177libmex_NULL_THUNK_DATA 0000000180015258     libmex:libmex.dll
 0002:00000260       __imp_muDoubleScalarAbs    0000000180015260     libmwmathutil:libmwmathutil.dll
 0002:00000268       __imp_muDoubleScalarSqrt   0000000180015268     libmwmathutil:libmwmathutil.dll
 0002:00000270       \177libmwmathutil_NULL_THUNK_DATA 0000000180015270     libmwmathutil:libmwmathutil.dll
 0002:00000278       __imp_erode_binary_ones33_tbb 0000000180015278     libmwmorphop_binary_tbb:libmwmorphop_binary_tbb.dll
 0002:00000280       \177libmwmorphop_binary_tbb_NULL_THUNK_DATA 0000000180015280     libmwmorphop_binary_tbb:libmwmorphop_binary_tbb.dll
 0002:00000288       __imp_mxIsChar_800         0000000180015288     libmx:libmx.dll
 0002:00000290       __imp_mxGetScalar_800      0000000180015290     libmx:libmx.dll
 0002:00000298       __imp_mxCreateDoubleScalar_800 0000000180015298     libmx:libmx.dll
 0002:000002a0       __imp_mxGetN_800           00000001800152a0     libmx:libmx.dll
 0002:000002a8       __imp_mxIsComplex_800      00000001800152a8     libmx:libmx.dll
 0002:000002b0       __imp_mxIsNumeric_800      00000001800152b0     libmx:libmx.dll
 0002:000002b8       __imp_mxGetClassID_800     00000001800152b8     libmx:libmx.dll
 0002:000002c0       __imp_mxGetM_800           00000001800152c0     libmx:libmx.dll
 0002:000002c8       __imp_mxCalloc_800         00000001800152c8     libmx:libmx.dll
 0002:000002d0       __imp_mxCreateStructMatrix_800 00000001800152d0     libmx:libmx.dll
 0002:000002d8       __imp_mxCreateCellMatrix_800 00000001800152d8     libmx:libmx.dll
 0002:000002e0       __imp_mxCreateString_800   00000001800152e0     libmx:libmx.dll
 0002:000002e8       __imp_mxSetField_800       00000001800152e8     libmx:libmx.dll
 0002:000002f0       __imp_mxGetPr_800          00000001800152f0     libmx:libmx.dll
 0002:000002f8       __imp_mxDuplicateArray_800 00000001800152f8     libmx:libmx.dll
 0002:00000300       __imp_mxGetString_800      0000000180015300     libmx:libmx.dll
 0002:00000308       __imp_mxCreateDoubleMatrix_800 0000000180015308     libmx:libmx.dll
 0002:00000310       __imp_mxDestroyArray_800   0000000180015310     libmx:libmx.dll
 0002:00000318       __imp_mxSetCell_800        0000000180015318     libmx:libmx.dll
 0002:00000320       \177libmx_NULL_THUNK_DATA  0000000180015320     libmx:libmx.dll
 0002:00000328       __imp_utMalloc             0000000180015328     libut:libut.dll
 0002:00000330       __imp_utFree               0000000180015330     libut:libut.dll
 0002:00000338       \177libut_NULL_THUNK_DATA  0000000180015338     libut:libut.dll
 0002:00000340       __imp_getRuntimeInstanceInfoAsVoid 0000000180015340     sf_runtime:sf_runtime.dll
 0002:00000348       __imp_call_sf_machine_global_method_dispatcher 0000000180015348     sf_runtime:sf_runtime.dll
 0002:00000350       __imp_callMdlMethodAndReportError 0000000180015350     sf_runtime:sf_runtime.dll
 0002:00000358       __imp_sf_mex_error_direct_call 0000000180015358     sf_runtime:sf_runtime.dll
 0002:00000360       __imp_sf_clear_error_manager_info 0000000180015360     sf_runtime:sf_runtime.dll
 0002:00000368       __imp_sf_get_ChartInfoStruct_CodeGen 0000000180015368     sf_runtime:sf_runtime.dll
 0002:00000370       __imp_ssGetOutputPortSignal_wrapper 0000000180015370     sf_runtime:sf_runtime.dll
 0002:00000378       __imp_ssGetInputPortSignal_wrapper 0000000180015378     sf_runtime:sf_runtime.dll
 0002:00000380       __imp_sf_mex_import        0000000180015380     sf_runtime:sf_runtime.dll
 0002:00000388       __imp_sf_mex_destroy       0000000180015388     sf_runtime:sf_runtime.dll
 0002:00000390       __imp_sf_mex_dup           0000000180015390     sf_runtime:sf_runtime.dll
 0002:00000398       __imp_sf_mex_assign        0000000180015398     sf_runtime:sf_runtime.dll
 0002:000003a0       __imp_sf_mex_getcell       00000001800153a0     sf_runtime:sf_runtime.dll
 0002:000003a8       __imp_sf_mex_setcell       00000001800153a8     sf_runtime:sf_runtime.dll
 0002:000003b0       __imp_sf_mex_createcellmatrix 00000001800153b0     sf_runtime:sf_runtime.dll
 0002:000003b8       __imp_sf_mex_create        00000001800153b8     sf_runtime:sf_runtime.dll
 0002:000003c0       __imp_sf_mex_error_message 00000001800153c0     sf_runtime:sf_runtime.dll
 0002:000003c8       __imp_sf_mex_call          00000001800153c8     sf_runtime:sf_runtime.dll
 0002:000003d0       __imp_mdlProcessParamsCommon 00000001800153d0     sf_runtime:sf_runtime.dll
 0002:000003d8       __imp_sf_set_work_widths   00000001800153d8     sf_runtime:sf_runtime.dll
 0002:000003e0       __imp_sf_get_time          00000001800153e0     sf_runtime:sf_runtime.dll
 0002:000003e8       __imp_sf_clear_rtw_identifier 00000001800153e8     sf_runtime:sf_runtime.dll
 0002:000003f0       __imp_sim_mode_is_external 00000001800153f0     sf_runtime:sf_runtime.dll
 0002:000003f8       __imp_sim_mode_is_rtw_gen  00000001800153f8     sf_runtime:sf_runtime.dll
 0002:00000400       __imp_sfSetAnimationVectors 0000000180015400     sf_runtime:sf_runtime.dll
 0002:00000408       __imp_sf_get_chart_instance_ptr 0000000180015408     sf_runtime:sf_runtime.dll
 0002:00000410       __imp_sfrtGetCovrtInstance 0000000180015410     sf_runtime:sf_runtime.dll
 0002:00000418       __imp_sfrtGetEmlrtCtx      0000000180015418     sf_runtime:sf_runtime.dll
 0002:00000420       __imp_sf_reset_warnings_ChartRunTimeInfo 0000000180015420     sf_runtime:sf_runtime.dll
 0002:00000428       __imp_sf_free_ChartRunTimeInfo 0000000180015428     sf_runtime:sf_runtime.dll
 0002:00000430       __imp_sf_init_ChartRunTimeInfo 0000000180015430     sf_runtime:sf_runtime.dll
 0002:00000438       __imp_sf_mex_decode        0000000180015438     sf_runtime:sf_runtime.dll
 0002:00000440       __imp_sf_load_rtw_optimization_info 0000000180015440     sf_runtime:sf_runtime.dll
 0002:00000448       __imp_sf_get_hasSeparateUpdateOutputs 0000000180015448     sf_runtime:sf_runtime.dll
 0002:00000450       \177sf_runtime_NULL_THUNK_DATA 0000000180015450     sf_runtime:sf_runtime.dll
 0002:00000458       __guard_check_icall_fptr   0000000180015458     MSVCRT:guard_support.obj
 0002:00000460       __guard_xfg_check_icall_fptr 0000000180015460     MSVCRT:guard_support.obj
 0002:00000468       __guard_dispatch_icall_fptr 0000000180015468     MSVCRT:guard_support.obj
 0002:00000470       __guard_xfg_dispatch_icall_fptr 0000000180015470     MSVCRT:guard_support.obj
 0002:00000478       __guard_xfg_table_dispatch_icall_fptr 0000000180015478     MSVCRT:guard_support.obj
 0002:00000480       __castguard_check_failure_os_handled_fptr 0000000180015480     MSVCRT:guard_support.obj
 0002:00000488       __guard_memcpy_fptr        0000000180015488     vcruntime:softmemtag.obj
 0002:00000490       __xc_a                     0000000180015490     MSVCRT:initializers.obj
 0002:00000498       __xc_z                     0000000180015498     MSVCRT:initializers.obj
 0002:000004a0       __xi_a                     00000001800154a0     MSVCRT:initializers.obj
 0002:000004a8       __xi_z                     00000001800154a8     MSVCRT:initializers.obj
 0002:000004b0       __xp_a                     00000001800154b0     MSVCRT:initializers.obj
 0002:000004b8       __xp_z                     00000001800154b8     MSVCRT:initializers.obj
 0002:000004c0       __xt_a                     00000001800154c0     MSVCRT:initializers.obj
 0002:000004c8       __xt_z                     00000001800154c8     MSVCRT:initializers.obj
 0002:000004d0       __real@4174ffbd70000000    00000001800154d0     flightControlSystem_sfun.obj
 0002:000004d8       __real@418f503920000000    00000001800154d8     flightControlSystem_sfun.obj
 0002:000004e0       __real@41b92f8712000000    00000001800154e0     flightControlSystem_sfun.obj
 0002:000004e8       __real@41bad2f744000000    00000001800154e8     flightControlSystem_sfun.obj
 0002:000004f0       __real@41cb1a5378800000    00000001800154f0     flightControlSystem_sfun.obj
 0002:000004f8       __real@41dd4ff610400000    00000001800154f8     flightControlSystem_sfun.obj
 0002:00000500       __real@41e3f2a9e2200000    0000000180015500     flightControlSystem_sfun.obj
 0002:00000508       __real@41e3fa3198000000    0000000180015508     flightControlSystem_sfun.obj
 0002:00000510       __real@41e4f97bc3200000    0000000180015510     flightControlSystem_sfun.obj
 0002:00000518       __real@41e5ea5a70200000    0000000180015518     flightControlSystem_sfun.obj
 0002:00000520       __real@41eb30c5b0800000    0000000180015520     flightControlSystem_sfun.obj
 0002:00000528       __real@41ed0b63b6c00000    0000000180015528     flightControlSystem_sfun.obj
 0002:00000568       __real@0000000000000000    0000000180015568     c1_flightControlSystem.obj
 0002:00000570       __real@3eb0c6f7a0b5ed8d    0000000180015570     c1_flightControlSystem.obj
 0002:00000578       __real@3fd0000000000000    0000000180015578     c1_flightControlSystem.obj
 0002:00000580       __real@3fd3333333333333    0000000180015580     c1_flightControlSystem.obj
 0002:00000588       __real@3fdccccccccccccd    0000000180015588     c1_flightControlSystem.obj
 0002:00000590       __real@3fe4cccccccccccd    0000000180015590     c1_flightControlSystem.obj
 0002:00000598       __real@3fe6666666666666    0000000180015598     c1_flightControlSystem.obj
 0002:000005a0       __real@3fe8000000000000    00000001800155a0     c1_flightControlSystem.obj
 0002:000005a8       __real@3ff0000000000000    00000001800155a8     c1_flightControlSystem.obj
 0002:000005b0       __real@4000000000000000    00000001800155b0     c1_flightControlSystem.obj
 0002:000005b8       __real@4008000000000000    00000001800155b8     c1_flightControlSystem.obj
 0002:000005c0       __real@4024000000000000    00000001800155c0     c1_flightControlSystem.obj
 0002:000005c8       __real@402921fb54442d18    00000001800155c8     c1_flightControlSystem.obj
 0002:000005d0       __real@4034000000000000    00000001800155d0     c1_flightControlSystem.obj
 0002:000005d8       __real@4044000000000000    00000001800155d8     c1_flightControlSystem.obj
 0002:000005e0       __real@4046000000000000    00000001800155e0     c1_flightControlSystem.obj
 0002:000005e8       __real@4054000000000000    00000001800155e8     c1_flightControlSystem.obj
 0002:000005f0       __real@4056400000000000    00000001800155f0     c1_flightControlSystem.obj
 0002:000005f8       __real@405b800000000000    00000001800155f8     c1_flightControlSystem.obj
 0002:00000600       __real@405e000000000000    0000000180015600     c1_flightControlSystem.obj
 0002:00000608       __real@4079000000000000    0000000180015608     c1_flightControlSystem.obj
 0002:00000610       __real@41c4682605000000    0000000180015610     c1_flightControlSystem.obj
 0002:00000618       __real@41d9539c7d000000    0000000180015618     c1_flightControlSystem.obj
 0002:00000620       __real@41e2f15a8fa00000    0000000180015620     c1_flightControlSystem.obj
 0002:00000628       __real@41e6529ae8a00000    0000000180015628     c1_flightControlSystem.obj
 0002:00000630       DYNAMIC_DIMENSION_DEF      0000000180015630     flightControlSystem_sfun_registry.obj
 0002:00000648       __real@4010000000000000    0000000180015648     flightControlSystem_sfun_registry.obj
 0002:00000650       __real@41602cbca0000000    0000000180015650     flightControlSystem_sfun_registry.obj
 0002:00000658       __real@bff0000000000000    0000000180015658     flightControlSystem_sfun_registry.obj
 0002:00000670       _pDefaultRawDllMain        0000000180015670     MSVCRT:dll_dllmain.obj
 0002:00000670       _pRawDllMain               0000000180015670     MSVCRT:dll_dllmain.obj
 0002:00000680       __xmm@ffffffffffffffffffffffffffffffff 0000000180015680     MSVCRT:utility.obj
 0002:00000690       _load_config_used          0000000180015690     MSVCRT:loadcfg.obj
 0002:00000800       __CastGuardVftablesStart   0000000180015800     MSVCRT:guard_support.obj
 0002:00000880       __CastGuardVftablesEnd     0000000180015880     MSVCRT:guard_support.obj
 0002:00000900       __volatile_metadata        0000000180015900     <linker-defined>
 0002:00000cf8       __rtc_iaa                  0000000180015cf8     MSVCRT:initsect.obj
 0002:00000d00       __rtc_izz                  0000000180015d00     MSVCRT:initsect.obj
 0002:00000d08       __rtc_taa                  0000000180015d08     MSVCRT:initsect.obj
 0002:00000d10       __rtc_tzz                  0000000180015d10     MSVCRT:initsect.obj
 0002:000017b4       __IMPORT_DESCRIPTOR_libmwmorphop_binary_tbb 00000001800167b4     libmwmorphop_binary_tbb:libmwmorphop_binary_tbb.dll
 0002:000017c8       __IMPORT_DESCRIPTOR_sf_runtime 00000001800167c8     sf_runtime:sf_runtime.dll
 0002:000017dc       __IMPORT_DESCRIPTOR_libmx  00000001800167dc     libmx:libmx.dll
 0002:000017f0       __IMPORT_DESCRIPTOR_libmex 00000001800167f0     libmex:libmex.dll
 0002:00001804       __IMPORT_DESCRIPTOR_libut  0000000180016804     libut:libut.dll
 0002:00001818       __IMPORT_DESCRIPTOR_libmwmathutil 0000000180016818     libmwmathutil:libmwmathutil.dll
 0002:0000182c       __IMPORT_DESCRIPTOR_libemlrt 000000018001682c     libemlrt:libemlrt.dll
 0002:00001840       __IMPORT_DESCRIPTOR_libcovrt 0000000180016840     libcovrt:libcovrt.dll
 0002:00001854       __IMPORT_DESCRIPTOR_KERNEL32 0000000180016854     kernel32:KERNEL32.dll
 0002:00001868       __IMPORT_DESCRIPTOR_VCRUNTIME140 0000000180016868     vcruntime:VCRUNTIME140.dll
 0002:0000187c       __IMPORT_DESCRIPTOR_api-ms-win-crt-string-l1-1-0 000000018001687c     ucrt:api-ms-win-crt-string-l1-1-0.dll
 0002:00001890       __IMPORT_DESCRIPTOR_api-ms-win-crt-stdio-l1-1-0 0000000180016890     ucrt:api-ms-win-crt-stdio-l1-1-0.dll
 0002:000018a4       __IMPORT_DESCRIPTOR_api-ms-win-crt-heap-l1-1-0 00000001800168a4     ucrt:api-ms-win-crt-heap-l1-1-0.dll
 0002:000018b8       __IMPORT_DESCRIPTOR_api-ms-win-crt-runtime-l1-1-0 00000001800168b8     ucrt:api-ms-win-crt-runtime-l1-1-0.dll
 0002:000018cc       __NULL_IMPORT_DESCRIPTOR   00000001800168cc     libmwmorphop_binary_tbb:libmwmorphop_binary_tbb.dll
 0003:00001c70       DYNAMIC_DIMENSION          0000000180019c70     flightControlSystem_sfun_registry.obj
 0003:00004340       __security_cookie          000000018001c340     MSVCRT:gs_cookie.obj
 0003:00004380       __security_cookie_complement 000000018001c380     MSVCRT:gs_cookie.obj
 0003:00004388       _fltused                   000000018001c388     MSVCRT:fltused.obj
 0003:00004390       __scrt_native_dllmain_reason 000000018001c390     MSVCRT:utility.obj
 0003:00004398       __isa_inverted             000000018001c398     MSVCRT:cpu_disp.obj
 0003:000043a0       __isa_available            000000018001c3a0     MSVCRT:cpu_disp.obj
 0003:000043a4       __isa_enabled              000000018001c3a4     MSVCRT:cpu_disp.obj
 0003:000043a8       __memset_fast_string_threshold 000000018001c3a8     MSVCRT:cpu_disp.obj
 0003:000043b0       __memset_nt_threshold      000000018001c3b0     MSVCRT:cpu_disp.obj
 0003:000043c0       __scrt_ucrt_dll_is_in_use  000000018001c3c0     MSVCRT:ucrt_stubs.obj
 0003:00004f30       ?__type_info_root_node@@3U__type_info_node@@A 000000018001cf30     MSVCRT:tncleanup.obj
 0003:00004f40       ?_OptionsStorage@?1??__local_stdio_printf_options@@9@4_KA 000000018001cf40     MSVCRT:default_local_stdio_options.obj
 0003:00004f48       ?_OptionsStorage@?1??__local_stdio_scanf_options@@9@4_KA 000000018001cf48     MSVCRT:default_local_stdio_options.obj
 0003:00004f50       __scrt_current_native_startup_state 000000018001cf50     MSVCRT:utility.obj
 0003:00004f58       __scrt_native_startup_lock 000000018001cf58     MSVCRT:utility.obj
 0003:00004f98       __scrt_debugger_hook_flag  000000018001cf98     MSVCRT:utility_desktop.obj
 0003:00004fa0       __castguard_check_failure_user_handled_fptr 000000018001cfa0     MSVCRT:guard_support.obj
 0003:00004fa8       __avx10_version            000000018001cfa8     MSVCRT:cpu_disp.obj
 0003:00004fac       __favor                    000000018001cfac     MSVCRT:cpu_disp.obj
 0003:00004fb0       ?_OptionsStorage@?1??__local_stdio_printf_options@@9@9 000000018001cfb0     <common>
 0003:00004fb8       __dyn_tls_init_callback    000000018001cfb8     <common>

 entry point at        0001:00012098

 Static symbols

 0000:00000000       _volmd                     0000000180000000     c1_flightControlSystem.obj
 0000:00000000       .debug$S                   0000000180000000     flightControlSystem_sfun.exp
 0000:00000000       _volmd                     0000000180000000     flightControlSystem_sfun.obj
 0000:00000000       _volmd                     0000000180000000     flightControlSystem_sfun_registry.obj
 0000:00000000       .debug$S                   0000000180000000     ucrt:api-ms-win-crt-heap-l1-1-0.dll
 0000:00000000       .debug$S                   0000000180000000     ucrt:api-ms-win-crt-heap-l1-1-0.dll
 0000:00000000       .debug$S                   0000000180000000     ucrt:api-ms-win-crt-runtime-l1-1-0.dll
 0000:00000000       .debug$S                   0000000180000000     ucrt:api-ms-win-crt-runtime-l1-1-0.dll
 0000:00000000       .debug$S                   0000000180000000     ucrt:api-ms-win-crt-runtime-l1-1-0.dll
 0000:00000000       .debug$S                   0000000180000000     ucrt:api-ms-win-crt-runtime-l1-1-0.dll
 0000:00000000       .debug$S                   0000000180000000     ucrt:api-ms-win-crt-runtime-l1-1-0.dll
 0000:00000000       .debug$S                   0000000180000000     ucrt:api-ms-win-crt-runtime-l1-1-0.dll
 0000:00000000       .debug$S                   0000000180000000     ucrt:api-ms-win-crt-runtime-l1-1-0.dll
 0000:00000000       .debug$S                   0000000180000000     ucrt:api-ms-win-crt-runtime-l1-1-0.dll
 0000:00000000       .debug$S                   0000000180000000     ucrt:api-ms-win-crt-runtime-l1-1-0.dll
 0000:00000000       .debug$S                   0000000180000000     ucrt:api-ms-win-crt-runtime-l1-1-0.dll
 0000:00000000       .debug$S                   0000000180000000     ucrt:api-ms-win-crt-runtime-l1-1-0.dll
 0000:00000000       .debug$S                   0000000180000000     ucrt:api-ms-win-crt-runtime-l1-1-0.dll
 0000:00000000       .debug$S                   0000000180000000     ucrt:api-ms-win-crt-stdio-l1-1-0.dll
 0000:00000000       .debug$S                   0000000180000000     ucrt:api-ms-win-crt-string-l1-1-0.dll
 0000:00000000       .debug$S                   0000000180000000     ucrt:api-ms-win-crt-string-l1-1-0.dll
 0000:00000000       .debug$S                   0000000180000000     ucrt:api-ms-win-crt-string-l1-1-0.dll
 0000:00000000       .debug$S                   0000000180000000     kernel32:KERNEL32.dll
 0000:00000000       .debug$S                   0000000180000000     kernel32:KERNEL32.dll
 0000:00000000       .debug$S                   0000000180000000     kernel32:KERNEL32.dll
 0000:00000000       .debug$S                   0000000180000000     kernel32:KERNEL32.dll
 0000:00000000       .debug$S                   0000000180000000     kernel32:KERNEL32.dll
 0000:00000000       .debug$S                   0000000180000000     kernel32:KERNEL32.dll
 0000:00000000       .debug$S                   0000000180000000     kernel32:KERNEL32.dll
 0000:00000000       .debug$S                   0000000180000000     kernel32:KERNEL32.dll
 0000:00000000       .debug$S                   0000000180000000     kernel32:KERNEL32.dll
 0000:00000000       .debug$S                   0000000180000000     kernel32:KERNEL32.dll
 0000:00000000       .debug$S                   0000000180000000     kernel32:KERNEL32.dll
 0000:00000000       .debug$S                   0000000180000000     kernel32:KERNEL32.dll
 0000:00000000       .debug$S                   0000000180000000     kernel32:KERNEL32.dll
 0000:00000000       .debug$S                   0000000180000000     kernel32:KERNEL32.dll
 0000:00000000       .debug$S                   0000000180000000     kernel32:KERNEL32.dll
 0000:00000000       .debug$S                   0000000180000000     kernel32:KERNEL32.dll
 0000:00000000       .debug$S                   0000000180000000     kernel32:KERNEL32.dll
 0000:00000000       _volmd                     0000000180000000     MSVCRT:cpu_disp.obj
 0002:fffeb000       __guard_ehcont_?dllmain_dispatch@@YAHQEAUHINSTANCE__@@KQEAX@Z 0000000180000000     MSVCRT:dll_dllmain.obj
 0002:fffeb000       __guard_fids_?dllmain_dispatch@@YAHQEAUHINSTANCE__@@KQEAX@Z 0000000180000000     MSVCRT:dll_dllmain.obj
 0000:00000000       _volmd                     0000000180000000     MSVCRT:gs_report.obj
 0000:00000000       _volmd                     0000000180000000     MSVCRT:gs_report.obj
 0000:00000000       _volmd                     0000000180000000     MSVCRT:gs_report.obj
 0002:fffeb000       __guard_fids__             0000000180000000     MSVCRT:guard_support.obj
 0002:fffeb000       __guard_fids__             0000000180000000     MSVCRT:guard_support.obj
 0002:fffeb000       __guard_fids__guard_icall_checks_enforced 0000000180000000     MSVCRT:guard_support.obj
 0000:00000000       _volmd                     0000000180000000     MSVCRT:guard_support.obj
 0000:00000000       _volmd                     0000000180000000     MSVCRT:guard_support.obj
 0000:00000000       _volmd                     0000000180000000     MSVCRT:guard_support.obj
 0000:00000000       _volmd                     0000000180000000     MSVCRT:guard_support.obj
 0000:00000000       _volmd                     0000000180000000     MSVCRT:guard_support.obj
 0000:00000000       _volmd                     0000000180000000     MSVCRT:guard_support.obj
 0000:00000000       _volmd                     0000000180000000     MSVCRT:guard_support.obj
 0000:00000000       _volmd                     0000000180000000     MSVCRT:guard_support.obj
 0000:00000000       _volmd                     0000000180000000     MSVCRT:guard_support.obj
 0000:00000000       _volmd                     0000000180000000     MSVCRT:guard_support.obj
 0002:fffeb000       __guard_ehcont___scrt_is_nonwritable_in_current_image 0000000180000000     MSVCRT:utility.obj
 0000:00000000       _volmd                     0000000180000000     MSVCRT:utility.obj
 0000:00000000       _volmd                     0000000180000000     MSVCRT:utility.obj
 0000:00000000       _volmd                     0000000180000000     MSVCRT:utility.obj
 0002:fffeb000       __guard_fids___scrt_set_unhandled_exception_filter 0000000180000000     MSVCRT:utility_desktop.obj
 0000:00000000       _volmd                     0000000180000000     MSVCRT:utility_desktop.obj
 0002:fffeb000       __guard_fids__             0000000180000000     vcruntime:softmemtag.obj
 0000:00000000       .debug$S                   0000000180000000     vcruntime:VCRUNTIME140.dll
 0000:00000000       .debug$S                   0000000180000000     vcruntime:VCRUNTIME140.dll
 0000:00000000       .debug$S                   0000000180000000     vcruntime:VCRUNTIME140.dll
 0000:00000000       .debug$S                   0000000180000000     vcruntime:VCRUNTIME140.dll
 0000:00000000       .debug$S                   0000000180000000     vcruntime:VCRUNTIME140.dll
 0000:00000000       .debug$S                   0000000180000000     vcruntime:VCRUNTIME140.dll
 0000:00000000       .debug$S                   0000000180000000     libcovrt:libcovrt.dll
 0000:00000000       .debug$S                   0000000180000000     libcovrt:libcovrt.dll
 0000:00000000       .debug$S                   0000000180000000     libcovrt:libcovrt.dll
 0000:00000000       .debug$S                   0000000180000000     libcovrt:libcovrt.dll
 0000:00000000       .debug$S                   0000000180000000     libcovrt:libcovrt.dll
 0000:00000000       .debug$S                   0000000180000000     libcovrt:libcovrt.dll
 0000:00000000       .debug$S                   0000000180000000     libcovrt:libcovrt.dll
 0000:00000000       .debug$S                   0000000180000000     libcovrt:libcovrt.dll
 0000:00000000       .debug$S                   0000000180000000     libcovrt:libcovrt.dll
 0000:00000000       .debug$S                   0000000180000000     libcovrt:libcovrt.dll
 0000:00000000       .debug$S                   0000000180000000     libcovrt:libcovrt.dll
 0000:00000000       .debug$S                   0000000180000000     libcovrt:libcovrt.dll
 0000:00000000       .debug$S                   0000000180000000     libcovrt:libcovrt.dll
 0000:00000000       .debug$S                   0000000180000000     libcovrt:libcovrt.dll
 0000:00000000       .debug$S                   0000000180000000     libcovrt:libcovrt.dll
 0000:00000000       .debug$S                   0000000180000000     libcovrt:libcovrt.dll
 0000:00000000       .debug$S                   0000000180000000     libcovrt:libcovrt.dll
 0000:00000000       .debug$S                   0000000180000000     libcovrt:libcovrt.dll
 0000:00000000       .debug$S                   0000000180000000     libemlrt:libemlrt.dll
 0000:00000000       .debug$S                   0000000180000000     libmex:libmex.dll
 0000:00000000       .debug$S                   0000000180000000     libmex:libmex.dll
 0000:00000000       .debug$S                   0000000180000000     libmex:libmex.dll
 0000:00000000       .debug$S                   0000000180000000     libmex:libmex.dll
 0000:00000000       .debug$S                   0000000180000000     libmex:libmex.dll
 0000:00000000       .debug$S                   0000000180000000     libmex:libmex.dll
 0000:00000000       .debug$S                   0000000180000000     libmex:libmex.dll
 0000:00000000       .debug$S                   0000000180000000     libmwmathutil:libmwmathutil.dll
 0000:00000000       .debug$S                   0000000180000000     libmwmathutil:libmwmathutil.dll
 0000:00000000       .debug$S                   0000000180000000     libmwmorphop_binary_tbb:libmwmorphop_binary_tbb.dll
 0000:00000000       .debug$S                   0000000180000000     libmx:libmx.dll
 0000:00000000       .debug$S                   0000000180000000     libmx:libmx.dll
 0000:00000000       .debug$S                   0000000180000000     libmx:libmx.dll
 0000:00000000       .debug$S                   0000000180000000     libmx:libmx.dll
 0000:00000000       .debug$S                   0000000180000000     libmx:libmx.dll
 0000:00000000       .debug$S                   0000000180000000     libmx:libmx.dll
 0000:00000000       .debug$S                   0000000180000000     libmx:libmx.dll
 0000:00000000       .debug$S                   0000000180000000     libmx:libmx.dll
 0000:00000000       .debug$S                   0000000180000000     libmx:libmx.dll
 0000:00000000       .debug$S                   0000000180000000     libmx:libmx.dll
 0000:00000000       .debug$S                   0000000180000000     libmx:libmx.dll
 0000:00000000       .debug$S                   0000000180000000     libmx:libmx.dll
 0000:00000000       .debug$S                   0000000180000000     libmx:libmx.dll
 0000:00000000       .debug$S                   0000000180000000     libmx:libmx.dll
 0000:00000000       .debug$S                   0000000180000000     libmx:libmx.dll
 0000:00000000       .debug$S                   0000000180000000     libmx:libmx.dll
 0000:00000000       .debug$S                   0000000180000000     libmx:libmx.dll
 0000:00000000       .debug$S                   0000000180000000     libmx:libmx.dll
 0000:00000000       .debug$S                   0000000180000000     libmx:libmx.dll
 0000:00000000       .debug$S                   0000000180000000     libut:libut.dll
 0000:00000000       .debug$S                   0000000180000000     libut:libut.dll
 0000:00000000       .debug$S                   0000000180000000     sf_runtime:sf_runtime.dll
 0000:00000000       .debug$S                   0000000180000000     sf_runtime:sf_runtime.dll
 0000:00000000       .debug$S                   0000000180000000     sf_runtime:sf_runtime.dll
 0000:00000000       .debug$S                   0000000180000000     sf_runtime:sf_runtime.dll
 0000:00000000       .debug$S                   0000000180000000     sf_runtime:sf_runtime.dll
 0000:00000000       .debug$S                   0000000180000000     sf_runtime:sf_runtime.dll
 0000:00000000       .debug$S                   0000000180000000     sf_runtime:sf_runtime.dll
 0000:00000000       .debug$S                   0000000180000000     sf_runtime:sf_runtime.dll
 0000:00000000       .debug$S                   0000000180000000     sf_runtime:sf_runtime.dll
 0000:00000000       .debug$S                   0000000180000000     sf_runtime:sf_runtime.dll
 0000:00000000       .debug$S                   0000000180000000     sf_runtime:sf_runtime.dll
 0000:00000000       .debug$S                   0000000180000000     sf_runtime:sf_runtime.dll
 0000:00000000       .debug$S                   0000000180000000     sf_runtime:sf_runtime.dll
 0000:00000000       .debug$S                   0000000180000000     sf_runtime:sf_runtime.dll
 0000:00000000       .debug$S                   0000000180000000     sf_runtime:sf_runtime.dll
 0000:00000000       .debug$S                   0000000180000000     sf_runtime:sf_runtime.dll
 0000:00000000       .debug$S                   0000000180000000     sf_runtime:sf_runtime.dll
 0000:00000000       .debug$S                   0000000180000000     sf_runtime:sf_runtime.dll
 0000:00000000       .debug$S                   0000000180000000     sf_runtime:sf_runtime.dll
 0000:00000000       .debug$S                   0000000180000000     sf_runtime:sf_runtime.dll
 0000:00000000       .debug$S                   0000000180000000     sf_runtime:sf_runtime.dll
 0000:00000000       .debug$S                   0000000180000000     sf_runtime:sf_runtime.dll
 0000:00000000       .debug$S                   0000000180000000     sf_runtime:sf_runtime.dll
 0000:00000000       .debug$S                   0000000180000000     sf_runtime:sf_runtime.dll
 0000:00000000       .debug$S                   0000000180000000     sf_runtime:sf_runtime.dll
 0000:00000000       .debug$S                   0000000180000000     sf_runtime:sf_runtime.dll
 0000:00000000       .debug$S                   0000000180000000     sf_runtime:sf_runtime.dll
 0000:00000000       .debug$S                   0000000180000000     sf_runtime:sf_runtime.dll
 0000:00000000       .debug$S                   0000000180000000     sf_runtime:sf_runtime.dll
 0000:00000000       .debug$S                   0000000180000000     sf_runtime:sf_runtime.dll
 0000:00000000       .debug$S                   0000000180000000     sf_runtime:sf_runtime.dll
 0000:00000000       .debug$S                   0000000180000000     sf_runtime:sf_runtime.dll
 0000:00000000       .debug$S                   0000000180000000     sf_runtime:sf_runtime.dll
 0000:00000000       .debug$S                   0000000180000000     sf_runtime:sf_runtime.dll
 0000:00000010       _volmd                     0000000180000010     c1_flightControlSystem.obj
 0000:00000010       _volmd                     0000000180000010     flightControlSystem_sfun.obj
 0000:00000010       _volmd                     0000000180000010     flightControlSystem_sfun_registry.obj
 0000:00000020       _volmd                     0000000180000020     c1_flightControlSystem.obj
 0000:00000020       _volmd                     0000000180000020     flightControlSystem_sfun.obj
 0000:00000020       _volmd                     0000000180000020     flightControlSystem_sfun_registry.obj
 0000:00000030       _volmd                     0000000180000030     c1_flightControlSystem.obj
 0000:00000030       _volmd                     0000000180000030     flightControlSystem_sfun.obj
 0000:00000030       _volmd                     0000000180000030     flightControlSystem_sfun_registry.obj
 0000:00000040       _volmd                     0000000180000040     flightControlSystem_sfun.obj
 0000:00000040       _volmd                     0000000180000040     flightControlSystem_sfun_registry.obj
[...]
 0003:00001d10       $SG21190                   0000000180019d10     flightControlSystem_sfun_registry.obj
 0003:00001d30       $SG21192                   0000000180019d30     flightControlSystem_sfun_registry.obj
 0003:00001d48       $SG21220                   0000000180019d48     flightControlSystem_sfun_registry.obj
 0003:00001d68       $SG21222                   0000000180019d68     flightControlSystem_sfun_registry.obj
 0003:00001d80       $SG21238                   0000000180019d80     flightControlSystem_sfun_registry.obj
 0003:00001d90       $SG21252                   0000000180019d90     flightControlSystem_sfun_registry.obj
 0003:00001da8       $SG21272                   0000000180019da8     flightControlSystem_sfun_registry.obj
 0003:00001dbc       $SG21345                   0000000180019dbc     flightControlSystem_sfun_registry.obj
 0003:00001dc8       $SG21346                   0000000180019dc8     flightControlSystem_sfun_registry.obj
 0003:00001ddc       $SG21350                   0000000180019ddc     flightControlSystem_sfun_registry.obj
 0003:00001de8       $SG21351                   0000000180019de8     flightControlSystem_sfun_registry.obj
 0003:00001e08       $SG21465                   0000000180019e08     flightControlSystem_sfun_registry.obj
 0003:00001e30       _sfcnName                  0000000180019e30     flightControlSystem_sfun_registry.obj
 0003:00001e50       $SG21480                   0000000180019e50     flightControlSystem_sfun_registry.obj
 0003:00001ec8       $SG21785                   0000000180019ec8     flightControlSystem_sfun_registry.obj
 0003:00001ed0       $SG21786                   0000000180019ed0     flightControlSystem_sfun_registry.obj
 0003:00001ed8       $SG21798                   0000000180019ed8     flightControlSystem_sfun_registry.obj
 0003:00001ee8       $SG21934                   0000000180019ee8     flightControlSystem_sfun_registry.obj
 0003:00001f28       $SG21935                   0000000180019f28     flightControlSystem_sfun_registry.obj
 0003:00001f38       $SG21936                   0000000180019f38     flightControlSystem_sfun_registry.obj
 0003:00001f40       $SG21940                   0000000180019f40     flightControlSystem_sfun_registry.obj
 0003:00001f88       $SG21941                   0000000180019f88     flightControlSystem_sfun_registry.obj
 0003:00001f98       $SG21942                   0000000180019f98     flightControlSystem_sfun_registry.obj
 0003:00001fa0       $SG21943                   0000000180019fa0     flightControlSystem_sfun_registry.obj
 0003:00001ff8       $SG21944                   0000000180019ff8     flightControlSystem_sfun_registry.obj
 0003:00002008       $SG21945                   000000018001a008     flightControlSystem_sfun_registry.obj
 0003:00002010       $SG21965                   000000018001a010     flightControlSystem_sfun_registry.obj
 0003:00002050       $SG21966                   000000018001a050     flightControlSystem_sfun_registry.obj
 0003:00002060       $SG21967                   000000018001a060     flightControlSystem_sfun_registry.obj
 0003:00002070       $SG21971                   000000018001a070     flightControlSystem_sfun_registry.obj
 0003:000020b8       $SG21972                   000000018001a0b8     flightControlSystem_sfun_registry.obj
 0003:000020c8       $SG21973                   000000018001a0c8     flightControlSystem_sfun_registry.obj
 0003:000020d0       $SG21974                   000000018001a0d0     flightControlSystem_sfun_registry.obj
 0003:00002128       $SG21975                   000000018001a128     flightControlSystem_sfun_registry.obj
 0003:00002138       $SG21976                   000000018001a138     flightControlSystem_sfun_registry.obj
 0003:00002140       $SG21995                   000000018001a140     flightControlSystem_sfun_registry.obj
 0003:00002190       $SG21996                   000000018001a190     flightControlSystem_sfun_registry.obj
 0003:000021a0       $SG21997                   000000018001a1a0     flightControlSystem_sfun_registry.obj
 0003:000021b0       $SG22006                   000000018001a1b0     flightControlSystem_sfun_registry.obj
 0003:00002210       $SG22007                   000000018001a210     flightControlSystem_sfun_registry.obj
 0003:00002218       $SG22008                   000000018001a218     flightControlSystem_sfun_registry.obj
 0003:00002220       $SG22017                   000000018001a220     flightControlSystem_sfun_registry.obj
 0003:00002280       $SG22018                   000000018001a280     flightControlSystem_sfun_registry.obj
 0003:00002288       $SG22019                   000000018001a288     flightControlSystem_sfun_registry.obj
 0003:00002290       $SG22325                   000000018001a290     flightControlSystem_sfun_registry.obj
 0003:00002310       $SG22328                   000000018001a310     flightControlSystem_sfun_registry.obj
 0003:00002390       $SG22333                   000000018001a390     flightControlSystem_sfun_registry.obj
 0003:00002410       $SG22341                   000000018001a410     flightControlSystem_sfun_registry.obj
 0003:00002480       $SG22614                   000000018001a480     flightControlSystem_sfun_registry.obj
 0003:00002500       $SG22619                   000000018001a500     flightControlSystem_sfun_registry.obj
 0003:00002578       $SG22943                   000000018001a578     flightControlSystem_sfun_registry.obj
 0003:00002590       $SG22956                   000000018001a590     flightControlSystem_sfun_registry.obj
 0003:00002608       $SG22959                   000000018001a608     flightControlSystem_sfun_registry.obj
 0003:0000260c       $SG23011                   000000018001a60c     flightControlSystem_sfun_registry.obj
 0003:00002614       $SG23012                   000000018001a614     flightControlSystem_sfun_registry.obj
 0003:0000261c       $SG23013                   000000018001a61c     flightControlSystem_sfun_registry.obj
 0003:00002630       $SG23014                   000000018001a630     flightControlSystem_sfun_registry.obj
 0003:000026b0       $SG23016                   000000018001a6b0     flightControlSystem_sfun_registry.obj
 0003:0000272c       $SG23019                   000000018001a72c     flightControlSystem_sfun_registry.obj
 0003:00002734       $SG23022                   000000018001a734     flightControlSystem_sfun_registry.obj
 0003:0000273c       $SG23025                   000000018001a73c     flightControlSystem_sfun_registry.obj
 0003:00002750       $SG23026                   000000018001a750     flightControlSystem_sfun_registry.obj
 0003:000027d0       $SG23027                   000000018001a7d0     flightControlSystem_sfun_registry.obj
 0003:000027e0       $SG23029                   000000018001a7e0     flightControlSystem_sfun_registry.obj
 0003:000027ec       $SG23031                   000000018001a7ec     flightControlSystem_sfun_registry.obj
 0003:000027f4       $SG23033                   000000018001a7f4     flightControlSystem_sfun_registry.obj
 0003:00002800       $SG23035                   000000018001a800     flightControlSystem_sfun_registry.obj
 0003:0000280c       $SG23037                   000000018001a80c     flightControlSystem_sfun_registry.obj
 0003:00002810       $SG23040                   000000018001a810     flightControlSystem_sfun_registry.obj
 0003:000028f8       $SG23150                   000000018001a8f8     flightControlSystem_sfun_registry.obj
 0003:00002928       $SG23151                   000000018001a928     flightControlSystem_sfun_registry.obj
 0003:00002938       $SG23152                   000000018001a938     flightControlSystem_sfun_registry.obj
 0003:00002940       $SG23154                   000000018001a940     flightControlSystem_sfun_registry.obj
 0003:00002978       $SG23155                   000000018001a978     flightControlSystem_sfun_registry.obj
 0003:00002988       $SG23156                   000000018001a988     flightControlSystem_sfun_registry.obj
 0003:00002990       $SG23159                   000000018001a990     flightControlSystem_sfun_registry.obj
 0003:000029c8       $SG23160                   000000018001a9c8     flightControlSystem_sfun_registry.obj
 0003:000029d8       $SG23161                   000000018001a9d8     flightControlSystem_sfun_registry.obj
 0003:000029e0       $SG23163                   000000018001a9e0     flightControlSystem_sfun_registry.obj
 0003:00002a18       $SG23164                   000000018001aa18     flightControlSystem_sfun_registry.obj
 0003:00002a28       $SG23165                   000000018001aa28     flightControlSystem_sfun_registry.obj
 0003:00002a30       $SG23167                   000000018001aa30     flightControlSystem_sfun_registry.obj
 0003:00002a68       $SG23168                   000000018001aa68     flightControlSystem_sfun_registry.obj
 0003:00002a78       $SG23169                   000000018001aa78     flightControlSystem_sfun_registry.obj
 0003:00002a80       $SG23172                   000000018001aa80     flightControlSystem_sfun_registry.obj
 0003:00002a88       $SG23174                   000000018001aa88     flightControlSystem_sfun_registry.obj
 0003:00002aa0       $SG23175                   000000018001aaa0     flightControlSystem_sfun_registry.obj
 0003:00002ad8       $SG23176                   000000018001aad8     flightControlSystem_sfun_registry.obj
 0003:00002ae8       $SG23177                   000000018001aae8     flightControlSystem_sfun_registry.obj
 0003:00002af0       $SG23343                   000000018001aaf0     flightControlSystem_sfun_registry.obj
 0003:00002b10       $SG23344                   000000018001ab10     flightControlSystem_sfun_registry.obj
 0003:00002ba0       $SG23350                   000000018001aba0     flightControlSystem_sfun_registry.obj
 0003:00002bc0       $SG23351                   000000018001abc0     flightControlSystem_sfun_registry.obj
 0003:00002c50       $SG23357                   000000018001ac50     flightControlSystem_sfun_registry.obj
 0003:00002c70       $SG23358                   000000018001ac70     flightControlSystem_sfun_registry.obj
 0003:00002d00       $SG23364                   000000018001ad00     flightControlSystem_sfun_registry.obj
 0003:00002d20       $SG23365                   000000018001ad20     flightControlSystem_sfun_registry.obj
 0003:00002db0       $SG23371                   000000018001adb0     flightControlSystem_sfun_registry.obj
 0003:00002dd0       $SG23372                   000000018001add0     flightControlSystem_sfun_registry.obj
 0003:00002e60       $SG23376                   000000018001ae60     flightControlSystem_sfun_registry.obj
 0003:00002e80       $SG23377                   000000018001ae80     flightControlSystem_sfun_registry.obj
 0003:00002f10       $SG23381                   000000018001af10     flightControlSystem_sfun_registry.obj
 0003:00002f40       $SG23382                   000000018001af40     flightControlSystem_sfun_registry.obj
 0003:00002fd0       $SG23386                   000000018001afd0     flightControlSystem_sfun_registry.obj
 0003:00003000       $SG23387                   000000018001b000     flightControlSystem_sfun_registry.obj
 0003:00003090       $SG23391                   000000018001b090     flightControlSystem_sfun_registry.obj
 0003:000030b0       $SG23392                   000000018001b0b0     flightControlSystem_sfun_registry.obj
 0003:00003140       $SG23396                   000000018001b140     flightControlSystem_sfun_registry.obj
 0003:00003160       $SG23397                   000000018001b160     flightControlSystem_sfun_registry.obj
 0003:000031f0       $SG23401                   000000018001b1f0     flightControlSystem_sfun_registry.obj
 0003:00003210       $SG23402                   000000018001b210     flightControlSystem_sfun_registry.obj
 0003:000032a0       $SG23406                   000000018001b2a0     flightControlSystem_sfun_registry.obj
 0003:000032c0       $SG23407                   000000018001b2c0     flightControlSystem_sfun_registry.obj
 0003:00003350       $SG23411                   000000018001b350     flightControlSystem_sfun_registry.obj
 0003:00003370       $SG23412                   000000018001b370     flightControlSystem_sfun_registry.obj
 0003:00003400       $SG23416                   000000018001b400     flightControlSystem_sfun_registry.obj
 0003:00003420       $SG23417                   000000018001b420     flightControlSystem_sfun_registry.obj
 0003:000034b0       $SG23421                   000000018001b4b0     flightControlSystem_sfun_registry.obj
 0003:000034d0       $SG23422                   000000018001b4d0     flightControlSystem_sfun_registry.obj
 0003:00003560       $SG23426                   000000018001b560     flightControlSystem_sfun_registry.obj
 0003:00003580       $SG23427                   000000018001b580     flightControlSystem_sfun_registry.obj
 0003:00003610       $SG23431                   000000018001b610     flightControlSystem_sfun_registry.obj
 0003:00003630       $SG23432                   000000018001b630     flightControlSystem_sfun_registry.obj
 0003:000036c0       $SG23437                   000000018001b6c0     flightControlSystem_sfun_registry.obj
 0003:000036e0       $SG23438                   000000018001b6e0     flightControlSystem_sfun_registry.obj
 0003:00003770       $SG23443                   000000018001b770     flightControlSystem_sfun_registry.obj
 0003:00003780       $SG23444                   000000018001b780     flightControlSystem_sfun_registry.obj
 0003:00003810       $SG23448                   000000018001b810     flightControlSystem_sfun_registry.obj
 0003:00003830       $SG23449                   000000018001b830     flightControlSystem_sfun_registry.obj
 0003:000038c0       $SG23453                   000000018001b8c0     flightControlSystem_sfun_registry.obj
 0003:000038d0       $SG23454                   000000018001b8d0     flightControlSystem_sfun_registry.obj
 0003:00003960       $SG23458                   000000018001b960     flightControlSystem_sfun_registry.obj
 0003:00003980       $SG23459                   000000018001b980     flightControlSystem_sfun_registry.obj
 0003:00003a10       $SG23463                   000000018001ba10     flightControlSystem_sfun_registry.obj
 0003:00003a30       $SG23464                   000000018001ba30     flightControlSystem_sfun_registry.obj
 0003:00003ac0       $SG23468                   000000018001bac0     flightControlSystem_sfun_registry.obj
 0003:00003ad0       $SG23469                   000000018001bad0     flightControlSystem_sfun_registry.obj
 0003:00003b60       $SG23473                   000000018001bb60     flightControlSystem_sfun_registry.obj
 0003:00003b70       $SG23474                   000000018001bb70     flightControlSystem_sfun_registry.obj
 0003:00003c00       $SG23478                   000000018001bc00     flightControlSystem_sfun_registry.obj
 0003:00003c20       $SG23479                   000000018001bc20     flightControlSystem_sfun_registry.obj
 0003:00003cb0       $SG23483                   000000018001bcb0     flightControlSystem_sfun_registry.obj
 0003:00003cd0       $SG23484                   000000018001bcd0     flightControlSystem_sfun_registry.obj
 0003:00003d60       $SG23488                   000000018001bd60     flightControlSystem_sfun_registry.obj
 0003:00003d70       $SG23489                   000000018001bd70     flightControlSystem_sfun_registry.obj
 0003:00003e00       $SG23497                   000000018001be00     flightControlSystem_sfun_registry.obj
 0003:00003e10       $SG23498                   000000018001be10     flightControlSystem_sfun_registry.obj
 0003:00003ea0       $SG23504                   000000018001bea0     flightControlSystem_sfun_registry.obj
 0003:00003eb0       $SG23505                   000000018001beb0     flightControlSystem_sfun_registry.obj
 0003:00003f40       $SG23509                   000000018001bf40     flightControlSystem_sfun_registry.obj
 0003:00003f50       $SG23510                   000000018001bf50     flightControlSystem_sfun_registry.obj
 0003:00003fe0       $SG23515                   000000018001bfe0     flightControlSystem_sfun_registry.obj
 0003:00003ff0       $SG23516                   000000018001bff0     flightControlSystem_sfun_registry.obj
 0003:00004080       $SG23520                   000000018001c080     flightControlSystem_sfun_registry.obj
 0003:00004100       $SG23543                   000000018001c100     flightControlSystem_sfun_registry.obj
 0003:00004218       $SG23551                   000000018001c218     flightControlSystem_sfun_registry.obj
 0003:00004228       $SG23558                   000000018001c228     flightControlSystem_sfun_registry.obj
 0003:00004238       $SG23566                   000000018001c238     flightControlSystem_sfun_registry.obj
 0003:00004248       $SG23573                   000000018001c248     flightControlSystem_sfun_registry.obj
 0003:00004258       $SG23581                   000000018001c258     flightControlSystem_sfun_registry.obj
 0003:00004268       $SG23588                   000000018001c268     flightControlSystem_sfun_registry.obj
 0003:00004278       $SG23594                   000000018001c278     flightControlSystem_sfun_registry.obj
 0003:00004298       $SG23604                   000000018001c298     flightControlSystem_sfun_registry.obj
 0003:000042c8       $SG23605                   000000018001c2c8     flightControlSystem_sfun_registry.obj
 0003:000042d0       $SG23606                   000000018001c2d0     flightControlSystem_sfun_registry.obj
 0003:000042d8       $SG23616                   000000018001c2d8     flightControlSystem_sfun_registry.obj
 0003:00004310       $SG23617                   000000018001c310     flightControlSystem_sfun_registry.obj
 0003:00004318       $SG23618                   000000018001c318     flightControlSystem_sfun_registry.obj
 0003:000043d0       sRtwOptimizationInfoStruct 000000018001c3d0     flightControlSystem_sfun.obj
 0003:000043d8       sOptimizationInfoFlags     000000018001c3d8     flightControlSystem_sfun.obj
 0003:000043e0       _sfTime_                   000000018001c3e0     c1_flightControlSystem.obj
 0003:000043e8       $SG21529                   000000018001c3e8     c1_flightControlSystem.obj
 0003:000043e9       $SG22314                   000000018001c3e9     c1_flightControlSystem.obj
 0003:000043ea       $SG22315                   000000018001c3ea     c1_flightControlSystem.obj
 0003:000043eb       $SG22445                   000000018001c3eb     c1_flightControlSystem.obj
 0003:000043f0       ?newstr@?1??sf_c1_flightControlSystem_get_post_codegen_info@@9@9 000000018001c3f0     c1_flightControlSystem.obj
 0003:000049a4       sfGlobalMdlStartCallCounts 000000018001c9a4     flightControlSystem_sfun_registry.obj
 0003:000049a8       $SG23007                   000000018001c9a8     flightControlSystem_sfun_registry.obj
 0003:000049aa       ?warningGuard@?1??ssGetRootSS@@9@9 000000018001c9aa     flightControlSystem_sfun_registry.obj
 0003:000049ab       ?warningGuard@?1??ssGetParentSS@@9@9 000000018001c9ab     flightControlSystem_sfun_registry.obj
 0003:000049b0       GS_ExceptionRecord         000000018001c9b0     MSVCRT:gs_report.obj
 0003:00004a50       GS_ContextRecord           000000018001ca50     MSVCRT:gs_report.obj
 0003:00004f20       ?__proc_attached@@3HA      000000018001cf20     MSVCRT:dll_dllmain.obj
 0003:00004f60       ?is_initialized_as_dll@@3_NA 000000018001cf60     MSVCRT:utility.obj
 0003:00004f61       ?module_local_atexit_table_initialized@@3_NA 000000018001cf61     MSVCRT:utility.obj
 0003:00004f68       ?module_local_atexit_table@@3U_onexit_table_t@@A 000000018001cf68     MSVCRT:utility.obj
 0003:00004f80       ?module_local_at_quick_exit_table@@3U_onexit_table_t@@A 000000018001cf80     MSVCRT:utility.obj
